Archive member included to satisfy reference by file (symbol)

c:/program files (x86)/cypress/psoc creator/4.2/psoc creator/import/gnu/arm/5.4.1/bin/../lib/gcc/arm-none-eabi/5.4.1/armv7e-m/softfp\libgcc.a(_arm_addsubdf3.o)
                              .\CortexM4\ARM_GCC_541\Debug\voltage_monitor.o (__aeabi_f2d)
c:/program files (x86)/cypress/psoc creator/4.2/psoc creator/import/gnu/arm/5.4.1/bin/../lib/gcc/arm-none-eabi/5.4.1/armv7e-m/softfp\libgcc.a(_arm_muldivdf3.o)
                              .\CortexM4\ARM_GCC_541\Debug\cy_sysclk.o (__aeabi_ddiv)
c:/program files (x86)/cypress/psoc creator/4.2/psoc creator/import/gnu/arm/5.4.1/bin/../lib/gcc/arm-none-eabi/5.4.1/armv7e-m/softfp\libgcc.a(_arm_fixunsdfsi.o)
                              .\CortexM4\ARM_GCC_541\Debug\cy_sysclk.o (__aeabi_d2uiz)
c:/program files (x86)/cypress/psoc creator/4.2/psoc creator/import/gnu/arm/5.4.1/bin/../lib/gcc/arm-none-eabi/5.4.1/armv7e-m/softfp\libgcc.a(_arm_truncdfsf2.o)
                              .\CortexM4\ARM_GCC_541\Debug\cy_sysclk.o (__aeabi_d2f)
c:/program files (x86)/cypress/psoc creator/4.2/psoc creator/import/gnu/arm/5.4.1/bin/../lib/gcc/arm-none-eabi/5.4.1/armv7e-m/softfp\libgcc.a(_aeabi_ldivmod.o)
                              .\CortexM4\ARM_GCC_541\Debug\cy_sar.o (__aeabi_ldivmod)
c:/program files (x86)/cypress/psoc creator/4.2/psoc creator/import/gnu/arm/5.4.1/bin/../lib/gcc/arm-none-eabi/5.4.1/armv7e-m/softfp\libgcc.a(_aeabi_uldivmod.o)
                              .\CortexM4\ARM_GCC_541\Debug\cy_sysclk.o (__aeabi_uldivmod)
c:/program files (x86)/cypress/psoc creator/4.2/psoc creator/import/gnu/arm/5.4.1/bin/../lib/gcc/arm-none-eabi/5.4.1/armv7e-m/softfp\libgcc.a(_udivmoddi4.o)
                              c:/program files (x86)/cypress/psoc creator/4.2/psoc creator/import/gnu/arm/5.4.1/bin/../lib/gcc/arm-none-eabi/5.4.1/armv7e-m/softfp\libgcc.a(_aeabi_ldivmod.o) (__udivmoddi4)
c:/program files (x86)/cypress/psoc creator/4.2/psoc creator/import/gnu/arm/5.4.1/bin/../lib/gcc/arm-none-eabi/5.4.1/armv7e-m/softfp\libgcc.a(_dvmd_tls.o)
                              c:/program files (x86)/cypress/psoc creator/4.2/psoc creator/import/gnu/arm/5.4.1/bin/../lib/gcc/arm-none-eabi/5.4.1/armv7e-m/softfp\libgcc.a(_aeabi_ldivmod.o) (__aeabi_ldiv0)
c:/program files (x86)/cypress/psoc creator/4.2/psoc creator/import/gnu/arm/5.4.1/bin/../lib/gcc/arm-none-eabi/5.4.1/../../../../arm-none-eabi/lib/armv7e-m/softfp\libg_nano.a(lib_a-exit.o)
                              c:/program files (x86)/cypress/psoc creator/4.2/psoc creator/import/gnu/arm/5.4.1/bin/../lib/gcc/arm-none-eabi/5.4.1/../../../../arm-none-eabi/lib/armv7e-m/softfp/crt0.o (exit)
c:/program files (x86)/cypress/psoc creator/4.2/psoc creator/import/gnu/arm/5.4.1/bin/../lib/gcc/arm-none-eabi/5.4.1/../../../../arm-none-eabi/lib/armv7e-m/softfp\libg_nano.a(lib_a-impure.o)
                              c:/program files (x86)/cypress/psoc creator/4.2/psoc creator/import/gnu/arm/5.4.1/bin/../lib/gcc/arm-none-eabi/5.4.1/../../../../arm-none-eabi/lib/armv7e-m/softfp\libg_nano.a(lib_a-exit.o) (_global_impure_ptr)
c:/program files (x86)/cypress/psoc creator/4.2/psoc creator/import/gnu/arm/5.4.1/bin/../lib/gcc/arm-none-eabi/5.4.1/../../../../arm-none-eabi/lib/armv7e-m/softfp\libg_nano.a(lib_a-init.o)
                              c:/program files (x86)/cypress/psoc creator/4.2/psoc creator/import/gnu/arm/5.4.1/bin/../lib/gcc/arm-none-eabi/5.4.1/../../../../arm-none-eabi/lib/armv7e-m/softfp/crt0.o (__libc_init_array)
c:/program files (x86)/cypress/psoc creator/4.2/psoc creator/import/gnu/arm/5.4.1/bin/../lib/gcc/arm-none-eabi/5.4.1/../../../../arm-none-eabi/lib/armv7e-m/softfp\libg_nano.a(lib_a-memset.o)
                              c:/program files (x86)/cypress/psoc creator/4.2/psoc creator/import/gnu/arm/5.4.1/bin/../lib/gcc/arm-none-eabi/5.4.1/../../../../arm-none-eabi/lib/armv7e-m/softfp/crt0.o (memset)
c:/program files (x86)/cypress/psoc creator/4.2/psoc creator/import/gnu/arm/5.4.1/bin/../lib/gcc/arm-none-eabi/5.4.1/../../../../arm-none-eabi/lib/armv7e-m/softfp\libg_nano.a(lib_a-nano-vfprintf_float.o)
                              .\CortexM4\ARM_GCC_541\Debug\retarget.o (_printf_float)
c:/program files (x86)/cypress/psoc creator/4.2/psoc creator/import/gnu/arm/5.4.1/bin/../lib/gcc/arm-none-eabi/5.4.1/../../../../arm-none-eabi/lib/armv7e-m/softfp\libg_nano.a(lib_a-nano-vfprintf_i.o)
                              c:/program files (x86)/cypress/psoc creator/4.2/psoc creator/import/gnu/arm/5.4.1/bin/../lib/gcc/arm-none-eabi/5.4.1/../../../../arm-none-eabi/lib/armv7e-m/softfp\libg_nano.a(lib_a-nano-vfprintf_float.o) (_printf_common)
c:/program files (x86)/cypress/psoc creator/4.2/psoc creator/import/gnu/arm/5.4.1/bin/../lib/gcc/arm-none-eabi/5.4.1/../../../../arm-none-eabi/lib/armv7e-m/softfp\libg_nano.a(lib_a-nano-vfscanf_float.o)
                              .\CortexM4\ARM_GCC_541\Debug\retarget.o (_scanf_float)
[...]
Memory Configuration

Name             Origin             Length             Attributes
ram              0x08024000         0x00023800         xrw
flash            0x10080000         0x00080000         xr
em_eeprom        0x14000000         0x00008000         xr
sflash_user_data 0x16000800         0x00000800         xr
sflash_nar       0x16001a00         0x00000200         xr
sflash_public_key 0x16005a00         0x00000c00         xr
sflash_toc_2     0x16007c00         0x00000200         xr
sflash_rtoc_2    0x16007e00         0x00000200         xr
xip              0x18000000         0x08000000         xr
efuse            0x90700000         0x00100000         r
*default*        0x00000000         0xffffffff

Linker script and memory map

LOAD c:/program files (x86)/cypress/psoc creator/4.2/psoc creator/import/gnu/arm/5.4.1/bin/../lib/gcc/arm-none-eabi/5.4.1/armv7e-m/softfp/crti.o
LOAD c:/program files (x86)/cypress/psoc creator/4.2/psoc creator/import/gnu/arm/5.4.1/bin/../lib/gcc/arm-none-eabi/5.4.1/armv7e-m/softfp/crtbegin.o
LOAD c:/program files (x86)/cypress/psoc creator/4.2/psoc creator/import/gnu/arm/5.4.1/bin/../lib/gcc/arm-none-eabi/5.4.1/../../../../arm-none-eabi/lib/armv7e-m/softfp/crt0.o
START GROUP
LOAD .\CortexM4\ARM_GCC_541\Debug\startup_psoc63_cm4.o
LOAD .\CortexM4\ARM_GCC_541\Debug\main_cm4.o
LOAD .\CortexM4\ARM_GCC_541\Debug\system_psoc63_cm4.o
LOAD .\CortexM4\ARM_GCC_541\Debug\ipc_cm4.o
LOAD .\CortexM4\ARM_GCC_541\Debug\voltage_monitor.o
LOAD .\CortexM4\ARM_GCC_541\Debug\ring_buffer.o
LOAD .\CortexM4\ARM_GCC_541\Debug\cy_ipc_config.o
LOAD .\CortexM4\ARM_GCC_541\Debug\stdio_user.o
LOAD .\CortexM4\ARM_GCC_541\Debug\cyfitter_sysint_cfg.o
LOAD .\CortexM4\ARM_GCC_541\Debug\cymetadata.o
LOAD .\CortexM4\ARM_GCC_541\Debug\BLE.o
LOAD .\CortexM4\ARM_GCC_541\Debug\BLE_config.o
LOAD .\CortexM4\ARM_GCC_541\Debug\BLE_custom_config.o
LOAD .\CortexM4\ARM_GCC_541\Debug\cy_sysint.o
LOAD .\CortexM4\ARM_GCC_541\Debug\cy_ipc_drv.o
LOAD .\CortexM4\ARM_GCC_541\Debug\cy_ipc_sema.o
LOAD .\CortexM4\ARM_GCC_541\Debug\cy_ipc_pipe.o
LOAD .\CortexM4\ARM_GCC_541\Debug\cy_sysclk.o
LOAD .\CortexM4\ARM_GCC_541\Debug\cy_wdt.o
LOAD .\CortexM4\ARM_GCC_541\Debug\cy_efuse.o
LOAD .\CortexM4\ARM_GCC_541\Debug\cy_flash.o
LOAD .\CortexM4\ARM_GCC_541\Debug\cy_gpio.o
LOAD .\CortexM4\ARM_GCC_541\Debug\cy_sysanalog.o
LOAD .\CortexM4\ARM_GCC_541\Debug\cy_syspm.o
LOAD .\CortexM4\ARM_GCC_541\Debug\cy_syslib.o
LOAD .\CortexM4\ARM_GCC_541\Debug\cy_syslib_gcc.o
LOAD .\CortexM4\ARM_GCC_541\Debug\cy_trigmux.o
LOAD .\CortexM4\ARM_GCC_541\Debug\cy_systick.o
LOAD .\CortexM4\ARM_GCC_541\Debug\cy_profile.o
LOAD .\CortexM4\ARM_GCC_541\Debug\cy_prot.o
LOAD .\CortexM4\ARM_GCC_541\Debug\cy_lvd.o
LOAD .\CortexM4\ARM_GCC_541\Debug\cy_scb_common.o
LOAD .\CortexM4\ARM_GCC_541\Debug\cy_scb_i2c.o
LOAD .\CortexM4\ARM_GCC_541\Debug\cy_scb_ezi2c.o
LOAD .\CortexM4\ARM_GCC_541\Debug\cy_scb_spi.o
LOAD .\CortexM4\ARM_GCC_541\Debug\cy_scb_uart.o
LOAD .\CortexM4\ARM_GCC_541\Debug\cy_sar.o
LOAD .\CortexM4\ARM_GCC_541\Debug\cy_ble.o
LOAD .\CortexM4\ARM_GCC_541\Debug\cy_ble_hal_int.o
LOAD .\CortexM4\ARM_GCC_541\Debug\cy_ble_hal_pvt.o
LOAD .\CortexM4\ARM_GCC_541\Debug\cy_ble_gap.o
LOAD .\CortexM4\ARM_GCC_541\Debug\cy_ble_gatt.o
LOAD .\CortexM4\ARM_GCC_541\Debug\cy_ble_event_handler.o
LOAD .\CortexM4\ARM_GCC_541\Debug\cy_ble_ancs.o
LOAD .\CortexM4\ARM_GCC_541\Debug\cy_ble_ans.o
LOAD .\CortexM4\ARM_GCC_541\Debug\cy_ble_aios.o
LOAD .\CortexM4\ARM_GCC_541\Debug\cy_ble_bas.o
LOAD .\CortexM4\ARM_GCC_541\Debug\cy_ble_bcs.o
LOAD .\CortexM4\ARM_GCC_541\Debug\cy_ble_bls.o
LOAD .\CortexM4\ARM_GCC_541\Debug\cy_ble_bms.o
LOAD .\CortexM4\ARM_GCC_541\Debug\cy_ble_bts.o
LOAD .\CortexM4\ARM_GCC_541\Debug\cy_ble_cgms.o
LOAD .\CortexM4\ARM_GCC_541\Debug\cy_ble_cps.o
LOAD .\CortexM4\ARM_GCC_541\Debug\cy_ble_cscs.o
LOAD .\CortexM4\ARM_GCC_541\Debug\cy_ble_cts.o
LOAD .\CortexM4\ARM_GCC_541\Debug\cy_ble_custom.o
LOAD .\CortexM4\ARM_GCC_541\Debug\cy_ble_dis.o
LOAD .\CortexM4\ARM_GCC_541\Debug\cy_ble_ess.o
LOAD .\CortexM4\ARM_GCC_541\Debug\cy_ble_gls.o
LOAD .\CortexM4\ARM_GCC_541\Debug\cy_ble_hids.o
LOAD .\CortexM4\ARM_GCC_541\Debug\cy_ble_hps.o
LOAD .\CortexM4\ARM_GCC_541\Debug\cy_ble_hrs.o
LOAD .\CortexM4\ARM_GCC_541\Debug\cy_ble_hts.o
LOAD .\CortexM4\ARM_GCC_541\Debug\cy_ble_ias.o
LOAD .\CortexM4\ARM_GCC_541\Debug\cy_ble_ips.o
LOAD .\CortexM4\ARM_GCC_541\Debug\cy_ble_lls.o
LOAD .\CortexM4\ARM_GCC_541\Debug\cy_ble_lns.o
LOAD .\CortexM4\ARM_GCC_541\Debug\cy_ble_ndcs.o
LOAD .\CortexM4\ARM_GCC_541\Debug\cy_ble_plxs.o
LOAD .\CortexM4\ARM_GCC_541\Debug\cy_ble_pass.o
LOAD .\CortexM4\ARM_GCC_541\Debug\cy_ble_rscs.o
LOAD .\CortexM4\ARM_GCC_541\Debug\cy_ble_rtus.o
LOAD .\CortexM4\ARM_GCC_541\Debug\cy_ble_scps.o
LOAD .\CortexM4\ARM_GCC_541\Debug\cy_ble_tps.o
LOAD .\CortexM4\ARM_GCC_541\Debug\cy_ble_uds.o
LOAD .\CortexM4\ARM_GCC_541\Debug\cy_ble_wpts.o
LOAD .\CortexM4\ARM_GCC_541\Debug\cy_ble_wss.o
LOAD .\CortexM4\ARM_GCC_541\Debug\cy_ble_clk.o
LOAD .\CortexM4\ARM_GCC_541\Debug\retarget.o
LOAD .\CortexM4\ARM_GCC_541\Debug\UART.o
LOAD .\CortexM4\ARM_GCC_541\Debug\ADC_1.o
LOAD .\CortexM4\ARM_GCC_541\Debug\ADC_1_INT.o
LOAD .\CortexM4\ARM_GCC_541\Debug\ADC_1_INIT.o
LOAD .\CortexM4\ARM_GCC_541\Debug\ADC_1_PM.o
END GROUP
START GROUP
LOAD c:/program files (x86)/cypress/psoc creator/4.2/psoc creator/import/gnu/arm/5.4.1/bin/../lib/gcc/arm-none-eabi/5.4.1/armv7e-m/softfp\libgcc.a
LOAD c:/program files (x86)/cypress/psoc creator/4.2/psoc creator/import/gnu/arm/5.4.1/bin/../lib/gcc/arm-none-eabi/5.4.1/../../../../arm-none-eabi/lib/armv7e-m/softfp\libg_nano.a
LOAD c:/program files (x86)/cypress/psoc creator/4.2/psoc creator/import/gnu/arm/5.4.1/bin/../lib/gcc/arm-none-eabi/5.4.1/../../../../arm-none-eabi/lib/armv7e-m/softfp\libc_nano.a
END GROUP
START GROUP
LOAD c:/program files (x86)/cypress/psoc creator/4.2/psoc creator/import/gnu/arm/5.4.1/bin/../lib/gcc/arm-none-eabi/5.4.1/armv7e-m/softfp\libgcc.a
LOAD c:/program files (x86)/cypress/psoc creator/4.2/psoc creator/import/gnu/arm/5.4.1/bin/../lib/gcc/arm-none-eabi/5.4.1/../../../../arm-none-eabi/lib/armv7e-m/softfp\libc_nano.a
END GROUP
LOAD c:/program files (x86)/cypress/psoc creator/4.2/psoc creator/import/gnu/arm/5.4.1/bin/../lib/gcc/arm-none-eabi/5.4.1/armv7e-m/softfp/crtend.o
LOAD c:/program files (x86)/cypress/psoc creator/4.2/psoc creator/import/gnu/arm/5.4.1/bin/../lib/gcc/arm-none-eabi/5.4.1/armv7e-m/softfp/crtn.o
START GROUP
LOAD c:/program files (x86)/cypress/psoc creator/4.2/psoc creator/import/gnu/arm/5.4.1/bin/../lib/gcc/arm-none-eabi/5.4.1/armv7e-m/softfp\libgcc.a
LOAD c:/program files (x86)/cypress/psoc creator/4.2/psoc creator/import/gnu/arm/5.4.1/bin/../lib/gcc/arm-none-eabi/5.4.1/../../../../arm-none-eabi/lib/armv7e-m/softfp\libc.a
LOAD c:/program files (x86)/cypress/psoc creator/4.2/psoc creator/import/gnu/arm/5.4.1/bin/../lib/gcc/arm-none-eabi/5.4.1/../../../../arm-none-eabi/lib/armv7e-m/softfp\libnosys.a
END GROUP
START GROUP
LOAD c:/program files (x86)/cypress/psoc creator/4.2/psoc creator/import/gnu/arm/5.4.1/bin/../lib/gcc/arm-none-eabi/5.4.1/armv7e-m/softfp\libgcc.a
LOAD c:/program files (x86)/cypress/psoc creator/4.2/psoc creator/import/gnu/arm/5.4.1/bin/../lib/gcc/arm-none-eabi/5.4.1/../../../../arm-none-eabi/lib/armv7e-m/softfp\libc.a
LOAD c:/program files (x86)/cypress/psoc creator/4.2/psoc creator/import/gnu/arm/5.4.1/bin/../lib/gcc/arm-none-eabi/5.4.1/../../../../arm-none-eabi/lib/armv7e-m/softfp\libm.a
LOAD c:/program files (x86)/cypress/psoc creator/4.2/psoc creator/import/gnu/arm/5.4.1/bin/../lib/gcc/arm-none-eabi/5.4.1/../../../../arm-none-eabi/lib/armv7e-m/softfp\libnosys.a
END GROUP

.text           0x10080000     0x56a8
                0x10080000                . = ALIGN (0x4)
                0x10080000                __Vectors = .
 *(.vectors)
 .vectors       0x10080000      0x28c .\CortexM4\ARM_GCC_541\Debug\startup_psoc63_cm4.o
                0x1008028c                . = ALIGN (0x4)
                0x1008028c                __Vectors_End = .
                0x0000028c                __Vectors_Size = (__Vectors_End - __Vectors)
                0x1008028c                __end__ = .
                0x1008028c                . = ALIGN (0x4)
 *(.text*)
 .text          0x1008028c       0x5c c:/program files (x86)/cypress/psoc creator/4.2/psoc creator/import/gnu/arm/5.4.1/bin/../lib/gcc/arm-none-eabi/5.4.1/armv7e-m/softfp/crtbegin.o
 .text          0x100802e8       0x94 .\CortexM4\ARM_GCC_541\Debug\startup_psoc63_cm4.o
                0x100802e8                Cy_OnResetUser
                0x100802ea                Cy_SaveIRQ
                0x100802f2                Cy_RestoreIRQ
                0x100802f8                Reset_Handler
                0x1008035c                tcpwm_1_interrupts_11_IRQHandler
                0x1008035c                cpuss_interrupts_ipc_0_IRQHandler
                0x1008035c                tcpwm_1_interrupts_15_IRQHandler
                0x1008035c                ioss_interrupts_gpio_13_IRQHandler
                0x1008035c                tcpwm_1_interrupts_13_IRQHandler
                0x1008035c                cpuss_interrupts_dw1_8_IRQHandler
                0x1008035c                tcpwm_0_interrupts_0_IRQHandler
                0x1008035c                SysTick_Handler
                0x1008035c                cpuss_interrupt_fm_IRQHandler
                0x1008035c                cpuss_interrupts_ipc_7_IRQHandler
                0x1008035c                tcpwm_1_interrupts_14_IRQHandler
                0x1008035c                cpuss_interrupts_dw0_11_IRQHandler
                0x1008035c                tcpwm_1_interrupts_9_IRQHandler
                0x1008035c                cpuss_interrupts_cm0_cti_1_IRQHandler
                0x1008035c                tcpwm_1_interrupts_22_IRQHandler
                0x1008035c                cpuss_interrupts_dw0_4_IRQHandler
                0x1008035c                PendSV_Handler
                0x1008035c                NMI_Handler
                0x1008035c                cpuss_interrupts_dw1_12_IRQHandler
                0x1008035c                tcpwm_1_interrupts_12_IRQHandler
                0x1008035c                smif_interrupt_IRQHandler
                0x1008035c                tcpwm_1_interrupts_2_IRQHandler
                0x1008035c                cpuss_interrupts_ipc_13_IRQHandler
                0x1008035c                udb_interrupts_11_IRQHandler
                0x1008035c                tcpwm_1_interrupts_18_IRQHandler
                0x1008035c                cpuss_interrupts_ipc_6_IRQHandler
                0x1008035c                tcpwm_0_interrupts_2_IRQHandler
                0x1008035c                cpuss_interrupts_dw0_13_IRQHandler
                0x1008035c                udb_interrupts_2_IRQHandler
                0x1008035c                cpuss_interrupts_dw1_7_IRQHandler
                0x1008035c                ioss_interrupts_gpio_1_IRQHandler
                0x1008035c                ioss_interrupts_gpio_7_IRQHandler
                0x1008035c                scb_5_interrupt_IRQHandler
                0x1008035c                udb_interrupts_6_IRQHandler
                0x1008035c                cpuss_interrupts_fault_1_IRQHandler
                0x1008035c                cpuss_interrupts_ipc_5_IRQHandler
                0x1008035c                cpuss_interrupts_dw1_10_IRQHandler
                0x1008035c                udb_interrupts_0_IRQHandler
                0x1008035c                tcpwm_1_interrupts_6_IRQHandler
                0x1008035c                scb_4_interrupt_IRQHandler
                0x1008035c                pass_interrupt_dacs_IRQHandler
                0x1008035c                ioss_interrupts_gpio_2_IRQHandler
                0x1008035c                cpuss_interrupts_dw1_9_IRQHandler
                0x1008035c                cpuss_interrupts_dw1_13_IRQHandler
                0x1008035c                scb_2_interrupt_IRQHandler
                0x1008035c                cpuss_interrupts_cm0_cti_0_IRQHandler
                0x1008035c                udb_interrupts_5_IRQHandler
                0x1008035c                srss_interrupt_IRQHandler
                0x1008035c                udb_interrupts_12_IRQHandler
                0x1008035c                scb_0_interrupt_IRQHandler
                0x1008035c                csd_interrupt_IRQHandler
                0x1008035c                udb_interrupts_1_IRQHandler
                0x1008035c                profile_interrupt_IRQHandler
                0x1008035c                tcpwm_1_interrupts_1_IRQHandler
                0x1008035c                cpuss_interrupts_ipc_12_IRQHandler
                0x1008035c                tcpwm_1_interrupts_3_IRQHandler
                0x1008035c                tcpwm_0_interrupts_7_IRQHandler
                0x1008035c                cpuss_interrupts_dw1_1_IRQHandler
                0x1008035c                cpuss_interrupts_dw1_0_IRQHandler
                0x1008035c                cpuss_interrupts_dw0_9_IRQHandler
                0x1008035c                DebugMon_Handler
                0x1008035c                tcpwm_1_interrupts_23_IRQHandler
                0x1008035c                cpuss_interrupts_dw0_5_IRQHandler
                0x1008035c                tcpwm_1_interrupts_20_IRQHandler
                0x1008035c                ioss_interrupt_gpio_IRQHandler
                0x1008035c                tcpwm_0_interrupts_1_IRQHandler
                0x1008035c                ioss_interrupts_gpio_8_IRQHandler
                0x1008035c                tcpwm_0_interrupts_6_IRQHandler
                0x1008035c                scb_7_interrupt_IRQHandler
                0x1008035c                tcpwm_1_interrupts_7_IRQHandler
                0x1008035c                cpuss_interrupts_ipc_11_IRQHandler
                0x1008035c                udb_interrupts_13_IRQHandler
                0x1008035c                cpuss_interrupts_dw0_15_IRQHandler
                0x1008035c                udb_interrupts_7_IRQHandler
                0x1008035c                cpuss_interrupts_dw1_6_IRQHandler
                0x1008035c                cpuss_interrupt_crypto_IRQHandler
                0x1008035c                scb_1_interrupt_IRQHandler
                0x1008035c                Default_Handler
                0x1008035c                usb_interrupt_hi_IRQHandler
                0x1008035c                tcpwm_1_interrupts_0_IRQHandler
                0x1008035c                udb_interrupts_9_IRQHandler
                0x1008035c                audioss_interrupt_pdm_IRQHandler
                0x1008035c                srss_interrupt_mcwdt_0_IRQHandler
                0x1008035c                scb_3_interrupt_IRQHandler
                0x1008035c                pass_interrupt_ctbs_IRQHandler
                0x1008035c                udb_interrupts_8_IRQHandler
                0x1008035c                ioss_interrupts_gpio_3_IRQHandler
                0x1008035c                scb_6_interrupt_IRQHandler
                0x1008035c                cpuss_interrupts_cm4_cti_0_IRQHandler
                0x1008035c                cpuss_interrupts_dw1_3_IRQHandler
                0x1008035c                pass_interrupt_sar_IRQHandler
                0x1008035c                ioss_interrupts_gpio_0_IRQHandler
                0x1008035c                ioss_interrupts_gpio_14_IRQHandler
                0x1008035c                tcpwm_0_interrupts_4_IRQHandler
                0x1008035c                udb_interrupts_3_IRQHandler
                0x1008035c                tcpwm_0_interrupts_5_IRQHandler
                0x1008035c                cpuss_interrupts_ipc_15_IRQHandler
                0x1008035c                cpuss_interrupts_cm4_cti_1_IRQHandler
                0x1008035c                scb_8_interrupt_IRQHandler
                0x1008035c                srss_interrupt_mcwdt_1_IRQHandler
                0x1008035c                cpuss_interrupts_dw1_2_IRQHandler
                0x1008035c                SVC_Handler
                0x1008035c                cpuss_interrupts_dw1_5_IRQHandler
                0x1008035c                cpuss_interrupts_ipc_1_IRQHandler
                0x1008035c                cpuss_interrupts_dw0_0_IRQHandler
                0x1008035c                ioss_interrupts_gpio_12_IRQHandler
                0x1008035c                cpuss_interrupts_ipc_3_IRQHandler
                0x1008035c                tcpwm_1_interrupts_17_IRQHandler
                0x1008035c                srss_interrupt_backup_IRQHandler
                0x1008035c                bless_interrupt_IRQHandler
                0x1008035c                cpuss_interrupts_ipc_10_IRQHandler
                0x1008035c                cpuss_interrupts_ipc_9_IRQHandler
                0x1008035c                cpuss_interrupts_dw0_14_IRQHandler
                0x1008035c                tcpwm_1_interrupts_4_IRQHandler
                0x1008035c                tcpwm_0_interrupts_3_IRQHandler
                0x1008035c                cpuss_interrupts_dw1_15_IRQHandler
                0x1008035c                ioss_interrupts_gpio_10_IRQHandler
                0x1008035c                udb_interrupts_10_IRQHandler
                0x1008035c                cpuss_interrupts_dw0_8_IRQHandler
                0x1008035c                ioss_interrupts_gpio_11_IRQHandler
                0x1008035c                cpuss_interrupts_ipc_14_IRQHandler
                0x1008035c                ioss_interrupts_gpio_5_IRQHandler
                0x1008035c                ioss_interrupts_gpio_4_IRQHandler
                0x1008035c                tcpwm_1_interrupts_8_IRQHandler
                0x1008035c                cpuss_interrupts_dw1_14_IRQHandler
                0x1008035c                usb_interrupt_med_IRQHandler
                0x1008035c                cpuss_interrupts_dw0_2_IRQHandler
                0x1008035c                udb_interrupts_4_IRQHandler
                0x1008035c                tcpwm_1_interrupts_10_IRQHandler
                0x1008035c                cpuss_interrupts_fault_0_IRQHandler
                0x1008035c                cpuss_interrupts_dw0_12_IRQHandler
                0x1008035c                ioss_interrupts_gpio_6_IRQHandler
                0x1008035c                tcpwm_1_interrupts_21_IRQHandler
                0x1008035c                tcpwm_1_interrupts_16_IRQHandler
                0x1008035c                cpuss_interrupts_dw1_4_IRQHandler
                0x1008035c                udb_interrupts_15_IRQHandler
                0x1008035c                cpuss_interrupts_dw1_11_IRQHandler
                0x1008035c                cpuss_interrupts_dw0_6_IRQHandler
                0x1008035c                ioss_interrupt_vdd_IRQHandler
                0x1008035c                cpuss_interrupts_dw0_7_IRQHandler
                0x1008035c                audioss_interrupt_i2s_IRQHandler
                0x1008035c                tcpwm_1_interrupts_5_IRQHandler
                0x1008035c                cpuss_interrupts_ipc_2_IRQHandler
                0x1008035c                cpuss_interrupts_dw0_10_IRQHandler
                0x1008035c                tcpwm_1_interrupts_19_IRQHandler
                0x1008035c                cpuss_interrupts_dw0_1_IRQHandler
                0x1008035c                lpcomp_interrupt_IRQHandler
                0x1008035c                ioss_interrupts_gpio_9_IRQHandler
                0x1008035c                usb_interrupt_lo_IRQHandler
                0x1008035c                cpuss_interrupts_ipc_8_IRQHandler
                0x1008035c                udb_interrupts_14_IRQHandler
                0x1008035c                cpuss_interrupts_dw0_3_IRQHandler
                0x10080360                UsageFault_Handler
                0x10080360                HardFault_Handler
                0x10080360                MemManage_Handler
                0x10080360                BusFault_Handler
 .text.main     0x1008037c       0x10 .\CortexM4\ARM_GCC_541\Debug\main_cm4.o
                0x1008037c                main
 .text.Cy_SystemInit
                0x1008038c        0x4 .\CortexM4\ARM_GCC_541\Debug\system_psoc63_cm4.o
                0x1008038c                Cy_SystemInit
 .text.SystemCoreClockUpdate
                0x10080390      0x190 .\CortexM4\ARM_GCC_541\Debug\system_psoc63_cm4.o
                0x10080390                SystemCoreClockUpdate
 .text.SystemInit
                0x10080520       0x48 .\CortexM4\ARM_GCC_541\Debug\system_psoc63_cm4.o
                0x10080520                SystemInit
 .text.Cy_SystemInitFpuEnable
                0x10080568       0x28 .\CortexM4\ARM_GCC_541\Debug\system_psoc63_cm4.o
                0x10080568                Cy_SystemInitFpuEnable
 .text.CM4_MessageCallback
                0x10080590       0x24 .\CortexM4\ARM_GCC_541\Debug\ipc_cm4.o
                0x10080590                CM4_MessageCallback
 .text.voltage_monitor_init
                0x100805b4       0x6c .\CortexM4\ARM_GCC_541\Debug\voltage_monitor.o
                0x100805b4                voltage_monitor_init
 .text.voltage_monitor_loop
                0x10080620       0x8c .\CortexM4\ARM_GCC_541\Debug\voltage_monitor.o
                0x10080620                voltage_monitor_loop
 .text.ring_buf_push
                0x100806ac       0x20 .\CortexM4\ARM_GCC_541\Debug\ring_buffer.o
                0x100806ac                ring_buf_push
 .text.cpuss_interrupts_ipc_4_IRQHandler
                0x100806cc       0x10 .\CortexM4\ARM_GCC_541\Debug\cy_ipc_config.o
                0x100806cc                cpuss_interrupts_ipc_4_IRQHandler
 .text.Cy_IPC_SystemSemaInit
                0x100806dc       0x10 .\CortexM4\ARM_GCC_541\Debug\cy_ipc_config.o
                0x100806dc                Cy_IPC_SystemSemaInit
 .text.Cy_IPC_SystemPipeInit
                0x100806ec       0x24 .\CortexM4\ARM_GCC_541\Debug\cy_ipc_config.o
                0x100806ec                Cy_IPC_SystemPipeInit
 .text.STDIO_PutChar
                0x10080710       0x18 .\CortexM4\ARM_GCC_541\Debug\stdio_user.o
                0x10080710                STDIO_PutChar
 .text.STDIO_GetChar
                0x10080728       0x1c .\CortexM4\ARM_GCC_541\Debug\stdio_user.o
                0x10080728                STDIO_GetChar
 .text.Cy_SysInt_SetVector
                0x10080744       0x44 .\CortexM4\ARM_GCC_541\Debug\cy_sysint.o
                0x10080744                Cy_SysInt_SetVector
 .text.Cy_SysInt_Init
                0x10080788       0x7c .\CortexM4\ARM_GCC_541\Debug\cy_sysint.o
                0x10080788                Cy_SysInt_Init
 .text.Cy_IPC_Drv_LockRelease
                0x10080804       0x30 .\CortexM4\ARM_GCC_541\Debug\cy_ipc_drv.o
                0x10080804                Cy_IPC_Drv_LockRelease
 .text.Cy_IPC_Drv_SendMsgWord
                0x10080834       0x3c .\CortexM4\ARM_GCC_541\Debug\cy_ipc_drv.o
                0x10080834                Cy_IPC_Drv_SendMsgWord
 .text.Cy_IPC_Drv_ReadMsgWord
                0x10080870       0x2c .\CortexM4\ARM_GCC_541\Debug\cy_ipc_drv.o
                0x10080870                Cy_IPC_Drv_ReadMsgWord
 .text.Cy_IPC_Sema_Init
                0x1008089c       0xb0 .\CortexM4\ARM_GCC_541\Debug\cy_ipc_sema.o
                0x1008089c                Cy_IPC_Sema_Init
 .text.Cy_IPC_Sema_Clear
                0x1008094c       0x88 .\CortexM4\ARM_GCC_541\Debug\cy_ipc_sema.o
                0x1008094c                Cy_IPC_Sema_Clear
 .text.Cy_IPC_Sema_Status
                0x100809d4       0x40 .\CortexM4\ARM_GCC_541\Debug\cy_ipc_sema.o
                0x100809d4                Cy_IPC_Sema_Status
 .text.Cy_IPC_Pipe_Config
                0x10080a14       0x10 .\CortexM4\ARM_GCC_541\Debug\cy_ipc_pipe.o
                0x10080a14                Cy_IPC_Pipe_Config
 .text.Cy_IPC_Pipe_EndpointInit
                0x10080a24       0xc8 .\CortexM4\ARM_GCC_541\Debug\cy_ipc_pipe.o
                0x10080a24                Cy_IPC_Pipe_EndpointInit
 .text.Cy_IPC_Pipe_Init
                0x10080aec       0xc4 .\CortexM4\ARM_GCC_541\Debug\cy_ipc_pipe.o
                0x10080aec                Cy_IPC_Pipe_Init
 .text.Cy_IPC_Pipe_SendMessage
                0x10080bb0       0xc0 .\CortexM4\ARM_GCC_541\Debug\cy_ipc_pipe.o
                0x10080bb0                Cy_IPC_Pipe_SendMessage
 .text.Cy_IPC_Pipe_RegisterCallback
                0x10080c70       0x60 .\CortexM4\ARM_GCC_541\Debug\cy_ipc_pipe.o
                0x10080c70                Cy_IPC_Pipe_RegisterCallback
 .text.Cy_IPC_Pipe_ExecCallback
                0x10080cd0       0xb0 .\CortexM4\ARM_GCC_541\Debug\cy_ipc_pipe.o
                0x10080cd0                Cy_IPC_Pipe_ExecCallback
 .text.Cy_Flash_ProcessOpcode
                0x10080d80       0xac .\CortexM4\ARM_GCC_541\Debug\cy_flash.o
 .text.Cy_Flash_OperationStatus
                0x10080e2c       0x44 .\CortexM4\ARM_GCC_541\Debug\cy_flash.o
 .text.Cy_Flash_Init
                0x10080e70       0x4c .\CortexM4\ARM_GCC_541\Debug\cy_flash.o
                0x10080e70                Cy_Flash_Init
 .text.Cy_SysLib_Delay
                0x10080ebc       0x30 .\CortexM4\ARM_GCC_541\Debug\cy_syslib.o
                0x10080ebc                Cy_SysLib_Delay
 .text.Cy_SysLib_DelayUs
                0x10080eec       0x14 .\CortexM4\ARM_GCC_541\Debug\cy_syslib.o
                0x10080eec                Cy_SysLib_DelayUs
 .text.Cy_SysLib_Halt
                0x10080f00        0x4 .\CortexM4\ARM_GCC_541\Debug\cy_syslib.o
                0x10080f00                Cy_SysLib_Halt
 .text.Cy_SysLib_AssertFailed
                0x10080f04       0x1c .\CortexM4\ARM_GCC_541\Debug\cy_syslib.o
                0x10080f04                Cy_SysLib_AssertFailed
 .text.Cy_SysLib_ProcessingFault
                0x10080f20        0x4 .\CortexM4\ARM_GCC_541\Debug\cy_syslib.o
                0x10080f20                Cy_SysLib_ProcessingFault
 .text.Cy_SysLib_FaultHandler
                0x10080f24       0xa4 .\CortexM4\ARM_GCC_541\Debug\cy_syslib.o
                0x10080f24                Cy_SysLib_FaultHandler
 .text          0x10080fc8       0x20 .\CortexM4\ARM_GCC_541\Debug\cy_syslib_gcc.o
                0x10080fc8                Cy_SysLib_DelayCycles
                0x10080fda                Cy_SysLib_EnterCriticalSection
                0x10080fe2                Cy_SysLib_ExitCriticalSection
 .text.Cy_SCB_ReadArrayNoCheck
                0x10080fe8       0x38 .\CortexM4\ARM_GCC_541\Debug\cy_scb_common.o
                0x10080fe8                Cy_SCB_ReadArrayNoCheck
 .text.Cy_SCB_ReadArray
                0x10081020       0x1c .\CortexM4\ARM_GCC_541\Debug\cy_scb_common.o
                0x10081020                Cy_SCB_ReadArray
 .text.Cy_SCB_Write
                0x1008103c       0x28 .\CortexM4\ARM_GCC_541\Debug\cy_scb_common.o
                0x1008103c                Cy_SCB_Write
 .text.Cy_SCB_WriteArrayNoCheck
                0x10081064       0x38 .\CortexM4\ARM_GCC_541\Debug\cy_scb_common.o
                0x10081064                Cy_SCB_WriteArrayNoCheck
 .text.Cy_SCB_WriteArray
                0x1008109c       0x2c .\CortexM4\ARM_GCC_541\Debug\cy_scb_common.o
                0x1008109c                Cy_SCB_WriteArray
 .text.HandleDataTransmit
                0x100810c8       0xdc .\CortexM4\ARM_GCC_541\Debug\cy_scb_uart.o
 .text.HandleDataReceive
                0x100811a4       0xf8 .\CortexM4\ARM_GCC_541\Debug\cy_scb_uart.o
 .text.Cy_SCB_UART_Init
                0x1008129c      0x370 .\CortexM4\ARM_GCC_541\Debug\cy_scb_uart.o
                0x1008129c                Cy_SCB_UART_Init
 .text.Cy_SCB_UART_GetNumInRingBuffer
                0x1008160c       0x18 .\CortexM4\ARM_GCC_541\Debug\cy_scb_uart.o
                0x1008160c                Cy_SCB_UART_GetNumInRingBuffer
 .text.HandleRingBuffer
                0x10081624       0xcc .\CortexM4\ARM_GCC_541\Debug\cy_scb_uart.o
 .text.Cy_SCB_UART_Interrupt
                0x100816f0       0xe8 .\CortexM4\ARM_GCC_541\Debug\cy_scb_uart.o
                0x100816f0                Cy_SCB_UART_Interrupt
 .text.Cy_SAR_Init
                0x100817d8      0x1e8 .\CortexM4\ARM_GCC_541\Debug\cy_sar.o
                0x100817d8                Cy_SAR_Init
 .text.Cy_SAR_DeInit
                0x100819c0       0x70 .\CortexM4\ARM_GCC_541\Debug\cy_sar.o
                0x100819c0                Cy_SAR_DeInit
 .text.Cy_SAR_Enable
                0x10081a30       0x20 .\CortexM4\ARM_GCC_541\Debug\cy_sar.o
                0x10081a30                Cy_SAR_Enable
 .text.Cy_SAR_StartConvert
                0x10081a50       0x2c .\CortexM4\ARM_GCC_541\Debug\cy_sar.o
                0x10081a50                Cy_SAR_StartConvert
 .text.Cy_SAR_IsChannelSingleEnded
                0x10081a7c       0x34 .\CortexM4\ARM_GCC_541\Debug\cy_sar.o
                0x10081a7c                Cy_SAR_IsChannelSingleEnded
 .text.Cy_SAR_IsChannelSigned
                0x10081ab0       0x54 .\CortexM4\ARM_GCC_541\Debug\cy_sar.o
                0x10081ab0                Cy_SAR_IsChannelSigned
 .text.Cy_SAR_GetResult16
                0x10081b04       0x2c .\CortexM4\ARM_GCC_541\Debug\cy_sar.o
                0x10081b04                Cy_SAR_GetResult16
 .text.Cy_SAR_RawCounts2Counts
                0x10081b30       0x80 .\CortexM4\ARM_GCC_541\Debug\cy_sar.o
                0x10081b30                Cy_SAR_RawCounts2Counts
 .text.Cy_SAR_CountsTo_Volts
                0x10081bb0       0x6c .\CortexM4\ARM_GCC_541\Debug\cy_sar.o
                0x10081bb0                Cy_SAR_CountsTo_Volts
 .text._write   0x10081c1c       0x24 .\CortexM4\ARM_GCC_541\Debug\retarget.o
                0x10081c1c                _write
 .text._read    0x10081c40       0x28 .\CortexM4\ARM_GCC_541\Debug\retarget.o
                0x10081c40                _read
 .text.UART_Interrupt
                0x10081c68       0x14 .\CortexM4\ARM_GCC_541\Debug\UART.o
 .text.UART_Start
                0x10081c7c       0x64 .\CortexM4\ARM_GCC_541\Debug\UART.o
                0x10081c7c                UART_Start
 .text.ADC_1_InitConfig
                0x10081ce0       0x58 .\CortexM4\ARM_GCC_541\Debug\ADC_1.o
                0x10081ce0                ADC_1_InitConfig
 .text.ADC_1_Init
                0x10081d38       0x34 .\CortexM4\ARM_GCC_541\Debug\ADC_1.o
                0x10081d38                ADC_1_Init
 .text.ADC_1_Start
                0x10081d6c       0x2c .\CortexM4\ARM_GCC_541\Debug\ADC_1.o
                0x10081d6c                ADC_1_Start
 .text.ADC_1_ISR
                0x10081d98       0x30 .\CortexM4\ARM_GCC_541\Debug\ADC_1_INT.o
                0x10081d98                ADC_1_ISR
 .text          0x10081dc8      0x370 c:/program files (x86)/cypress/psoc creator/4.2/psoc creator/import/gnu/arm/5.4.1/bin/../lib/gcc/arm-none-eabi/5.4.1/armv7e-m/softfp\libgcc.a(_arm_addsubdf3.o)
                0x10081dc8                __aeabi_drsub
                0x10081dd0                __aeabi_dsub
                0x10081dd0                __subdf3
                0x10081dd4                __aeabi_dadd
                0x10081dd4                __adddf3
                0x1008204c                __floatunsidf
                0x1008204c                __aeabi_ui2d
                0x1008206c                __floatsidf
                0x1008206c                __aeabi_i2d
                0x10082090                __aeabi_f2d
                0x10082090                __extendsfdf2
                0x100820cc                __floatundidf
                0x100820cc                __aeabi_ul2d
                0x100820dc                __floatdidf
                0x100820dc                __aeabi_l2d
 .text          0x10082138      0x424 c:/program files (x86)/cypress/psoc creator/4.2/psoc creator/import/gnu/arm/5.4.1/bin/../lib/gcc/arm-none-eabi/5.4.1/armv7e-m/softfp\libgcc.a(_arm_muldivdf3.o)
                0x10082138                __aeabi_dmul
                0x10082138                __muldf3
                0x1008238c                __divdf3
                0x1008238c                __aeabi_ddiv
 .text.memset   0x1008255c       0x10 c:/program files (x86)/cypress/psoc creator/4.2/psoc creator/import/gnu/arm/5.4.1/bin/../lib/gcc/arm-none-eabi/5.4.1/../../../../arm-none-eabi/lib/armv7e-m/softfp\libg_nano.a(lib_a-memset.o)
                0x1008255c                memset
 .text.__cvt    0x1008256c       0xc2 c:/program files (x86)/cypress/psoc creator/4.2/psoc creator/import/gnu/arm/5.4.1/bin/../lib/gcc/arm-none-eabi/5.4.1/../../../../arm-none-eabi/lib/armv7e-m/softfp\libg_nano.a(lib_a-nano-vfprintf_float.o)
                0x1008256c                __cvt
 .text.__exponent
                0x1008262e       0x60 c:/program files (x86)/cypress/psoc creator/4.2/psoc creator/import/gnu/arm/5.4.1/bin/../lib/gcc/arm-none-eabi/5.4.1/../../../../arm-none-eabi/lib/armv7e-m/softfp\libg_nano.a(lib_a-nano-vfprintf_float.o)
                0x1008262e                __exponent
 *fill*         0x1008268e        0x2 
 .text._printf_float
                0x10082690      0x488 c:/program files (x86)/cypress/psoc creator/4.2/psoc creator/import/gnu/arm/5.4.1/bin/../lib/gcc/arm-none-eabi/5.4.1/../../../../arm-none-eabi/lib/armv7e-m/softfp\libg_nano.a(lib_a-nano-vfprintf_float.o)
                0x10082690                _printf_float
 .text._printf_common
                0x10082b18       0xec c:/program files (x86)/cypress/psoc creator/4.2/psoc creator/import/gnu/arm/5.4.1/bin/../lib/gcc/arm-none-eabi/5.4.1/../../../../arm-none-eabi/lib/armv7e-m/softfp\libg_nano.a(lib_a-nano-vfprintf_i.o)
                0x10082b18                _printf_common
 .text._printf_i
                0x10082c04      0x24c c:/program files (x86)/cypress/psoc creator/4.2/psoc creator/import/gnu/arm/5.4.1/bin/../lib/gcc/arm-none-eabi/5.4.1/../../../../arm-none-eabi/lib/armv7e-m/softfp\libg_nano.a(lib_a-nano-vfprintf_i.o)
                0x10082c04                _printf_i
 .text.printf   0x10082e50       0x30 c:/program files (x86)/cypress/psoc creator/4.2/psoc creator/import/gnu/arm/5.4.1/bin/../lib/gcc/arm-none-eabi/5.4.1/../../../../arm-none-eabi/lib/armv7e-m/softfp\libg_nano.a(lib_a-printf.o)
                0x10082e50                iprintf
                0x10082e50                printf
 .text.putchar  0x10082e80       0x28 c:/program files (x86)/cypress/psoc creator/4.2/psoc creator/import/gnu/arm/5.4.1/bin/../lib/gcc/arm-none-eabi/5.4.1/../../../../arm-none-eabi/lib/armv7e-m/softfp\libg_nano.a(lib_a-putchar.o)
                0x10082e80                putchar
 .text._puts_r  0x10082ea8       0xb4 c:/program files (x86)/cypress/psoc creator/4.2/psoc creator/import/gnu/arm/5.4.1/bin/../lib/gcc/arm-none-eabi/5.4.1/../../../../arm-none-eabi/lib/armv7e-m/softfp\libg_nano.a(lib_a-puts.o)
                0x10082ea8                _puts_r
 .text.puts     0x10082f5c       0x10 c:/program files (x86)/cypress/psoc creator/4.2/psoc creator/import/gnu/arm/5.4.1/bin/../lib/gcc/arm-none-eabi/5.4.1/../../../../arm-none-eabi/lib/armv7e-m/softfp\libg_nano.a(lib_a-puts.o)
                0x10082f5c                puts
 .text.setvbuf  0x10082f6c      0x154 c:/program files (x86)/cypress/psoc creator/4.2/psoc creator/import/gnu/arm/5.4.1/bin/../lib/gcc/arm-none-eabi/5.4.1/../../../../arm-none-eabi/lib/armv7e-m/softfp\libg_nano.a(lib_a-setvbuf.o)
                0x10082f6c                setvbuf
 .text          0x100830c0       0x10 c:/program files (x86)/cypress/psoc creator/4.2/psoc creator/import/gnu/arm/5.4.1/bin/../lib/gcc/arm-none-eabi/5.4.1/../../../../arm-none-eabi/lib/armv7e-m/softfp\libg_nano.a(lib_a-strlen.o)
                0x100830c0                strlen
 .text.strncpy  0x100830d0       0x26 c:/program files (x86)/cypress/psoc creator/4.2/psoc creator/import/gnu/arm/5.4.1/bin/../lib/gcc/arm-none-eabi/5.4.1/../../../../arm-none-eabi/lib/armv7e-m/softfp\libg_nano.a(lib_a-strncpy.o)
                0x100830d0                strncpy
 *fill*         0x100830f6        0x2 
 .text.__swbuf_r
                0x100830f8       0xa8 c:/program files (x86)/cypress/psoc creator/4.2/psoc creator/import/gnu/arm/5.4.1/bin/../lib/gcc/arm-none-eabi/5.4.1/../../../../arm-none-eabi/lib/armv7e-m/softfp\libg_nano.a(lib_a-wbuf.o)
                0x100830f8                __swbuf_r
 .text.__swsetup_r
                0x100831a0       0xdc c:/program files (x86)/cypress/psoc creator/4.2/psoc creator/import/gnu/arm/5.4.1/bin/../lib/gcc/arm-none-eabi/5.4.1/../../../../arm-none-eabi/lib/armv7e-m/softfp\libg_nano.a(lib_a-wsetup.o)
                0x100831a0                __swsetup_r
 .text.quorem   0x1008327c      0x11e c:/program files (x86)/cypress/psoc creator/4.2/psoc creator/import/gnu/arm/5.4.1/bin/../lib/gcc/arm-none-eabi/5.4.1/../../../../arm-none-eabi/lib/armv7e-m/softfp\libg_nano.a(lib_a-dtoa.o)
 *fill*         0x1008339a        0x6 
 .text._dtoa_r  0x100833a0      0xb38 c:/program files (x86)/cypress/psoc creator/4.2/psoc creator/import/gnu/arm/5.4.1/bin/../lib/gcc/arm-none-eabi/5.4.1/../../../../arm-none-eabi/lib/armv7e-m/softfp\libg_nano.a(lib_a-dtoa.o)
                0x100833a0                _dtoa_r
 .text.__sflush_r
                0x10083ed8      0x110 c:/program files (x86)/cypress/psoc creator/4.2/psoc creator/import/gnu/arm/5.4.1/bin/../lib/gcc/arm-none-eabi/5.4.1/../../../../arm-none-eabi/lib/armv7e-m/softfp\libg_nano.a(lib_a-fflush.o)
                0x10083ed8                __sflush_r
 .text._fflush_r
                0x10083fe8       0x54 c:/program files (x86)/cypress/psoc creator/4.2/psoc creator/import/gnu/arm/5.4.1/bin/../lib/gcc/arm-none-eabi/5.4.1/../../../../arm-none-eabi/lib/armv7e-m/softfp\libg_nano.a(lib_a-fflush.o)
                0x10083fe8                _fflush_r
 .text._cleanup_r
                0x1008403c        0xc c:/program files (x86)/cypress/psoc creator/4.2/psoc creator/import/gnu/arm/5.4.1/bin/../lib/gcc/arm-none-eabi/5.4.1/../../../../arm-none-eabi/lib/armv7e-m/softfp\libg_nano.a(lib_a-findfp.o)
                0x1008403c                _cleanup_r
 .text.std.isra.0
                0x10084048       0x48 c:/program files (x86)/cypress/psoc creator/4.2/psoc creator/import/gnu/arm/5.4.1/bin/../lib/gcc/arm-none-eabi/5.4.1/../../../../arm-none-eabi/lib/armv7e-m/softfp\libg_nano.a(lib_a-findfp.o)
 .text.__sfmoreglue
                0x10084090       0x2c c:/program files (x86)/cypress/psoc creator/4.2/psoc creator/import/gnu/arm/5.4.1/bin/../lib/gcc/arm-none-eabi/5.4.1/../../../../arm-none-eabi/lib/armv7e-m/softfp\libg_nano.a(lib_a-findfp.o)
                0x10084090                __sfmoreglue
 .text.__sinit  0x100840bc       0x60 c:/program files (x86)/cypress/psoc creator/4.2/psoc creator/import/gnu/arm/5.4.1/bin/../lib/gcc/arm-none-eabi/5.4.1/../../../../arm-none-eabi/lib/armv7e-m/softfp\libg_nano.a(lib_a-findfp.o)
                0x100840bc                __sinit
 .text.__sfp    0x1008411c       0x78 c:/program files (x86)/cypress/psoc creator/4.2/psoc creator/import/gnu/arm/5.4.1/bin/../lib/gcc/arm-none-eabi/5.4.1/../../../../arm-none-eabi/lib/armv7e-m/softfp\libg_nano.a(lib_a-findfp.o)
                0x1008411c                __sfp
 .text._fwalk_reent
                0x10084194       0x3c c:/program files (x86)/cypress/psoc creator/4.2/psoc creator/import/gnu/arm/5.4.1/bin/../lib/gcc/arm-none-eabi/5.4.1/../../../../arm-none-eabi/lib/armv7e-m/softfp\libg_nano.a(lib_a-fwalk.o)
                0x10084194                _fwalk_reent
 .text._localeconv_r
                0x100841d0        0x8 c:/program files (x86)/cypress/psoc creator/4.2/psoc creator/import/gnu/arm/5.4.1/bin/../lib/gcc/arm-none-eabi/5.4.1/../../../../arm-none-eabi/lib/armv7e-m/softfp\libg_nano.a(lib_a-locale.o)
                0x100841d0                _localeconv_r
 .text.__swhatbuf_r
                0x100841d8       0x46 c:/program files (x86)/cypress/psoc creator/4.2/psoc creator/import/gnu/arm/5.4.1/bin/../lib/gcc/arm-none-eabi/5.4.1/../../../../arm-none-eabi/lib/armv7e-m/softfp\libg_nano.a(lib_a-makebuf.o)
                0x100841d8                __swhatbuf_r
 *fill*         0x1008421e        0x2 
 .text.__smakebuf_r
                0x10084220       0x78 c:/program files (x86)/cypress/psoc creator/4.2/psoc creator/import/gnu/arm/5.4.1/bin/../lib/gcc/arm-none-eabi/5.4.1/../../../../arm-none-eabi/lib/armv7e-m/softfp\libg_nano.a(lib_a-makebuf.o)
                0x10084220                __smakebuf_r
 .text.malloc   0x10084298       0x10 c:/program files (x86)/cypress/psoc creator/4.2/psoc creator/import/gnu/arm/5.4.1/bin/../lib/gcc/arm-none-eabi/5.4.1/../../../../arm-none-eabi/lib/armv7e-m/softfp\libg_nano.a(lib_a-malloc.o)
                0x10084298                malloc
 *fill*         0x100842a8        0x8 
 .text          0x100842b0       0xa0 c:/program files (x86)/cypress/psoc creator/4.2/psoc creator/import/gnu/arm/5.4.1/bin/../lib/gcc/arm-none-eabi/5.4.1/../../../../arm-none-eabi/lib/armv7e-m/softfp\libg_nano.a(lib_a-memchr.o)
                0x100842b0                memchr
 .text.memcpy   0x10084350       0x16 c:/program files (x86)/cypress/psoc creator/4.2/psoc creator/import/gnu/arm/5.4.1/bin/../lib/gcc/arm-none-eabi/5.4.1/../../../../arm-none-eabi/lib/armv7e-m/softfp\libg_nano.a(lib_a-memcpy-stub.o)
                0x10084350                memcpy
 .text._Balloc  0x10084366       0x6a c:/program files (x86)/cypress/psoc creator/4.2/psoc creator/import/gnu/arm/5.4.1/bin/../lib/gcc/arm-none-eabi/5.4.1/../../../../arm-none-eabi/lib/armv7e-m/softfp\libg_nano.a(lib_a-mprec.o)
                0x10084366                _Balloc
 .text._Bfree   0x100843d0       0x2e c:/program files (x86)/cypress/psoc creator/4.2/psoc creator/import/gnu/arm/5.4.1/bin/../lib/gcc/arm-none-eabi/5.4.1/../../../../arm-none-eabi/lib/armv7e-m/softfp\libg_nano.a(lib_a-mprec.o)
                0x100843d0                _Bfree
 .text.__multadd
                0x100843fe       0x76 c:/program files (x86)/cypress/psoc creator/4.2/psoc creator/import/gnu/arm/5.4.1/bin/../lib/gcc/arm-none-eabi/5.4.1/../../../../arm-none-eabi/lib/armv7e-m/softfp\libg_nano.a(lib_a-mprec.o)
                0x100843fe                __multadd
 .text.__hi0bits
                0x10084474       0x40 c:/program files (x86)/cypress/psoc creator/4.2/psoc creator/import/gnu/arm/5.4.1/bin/../lib/gcc/arm-none-eabi/5.4.1/../../../../arm-none-eabi/lib/armv7e-m/softfp\libg_nano.a(lib_a-mprec.o)
                0x10084474                __hi0bits
 .text.__lo0bits
                0x100844b4       0x5a c:/program files (x86)/cypress/psoc creator/4.2/psoc creator/import/gnu/arm/5.4.1/bin/../lib/gcc/arm-none-eabi/5.4.1/../../../../arm-none-eabi/lib/armv7e-m/softfp\libg_nano.a(lib_a-mprec.o)
                0x100844b4                __lo0bits
 .text.__i2b    0x1008450e       0x12 c:/program files (x86)/cypress/psoc creator/4.2/psoc creator/import/gnu/arm/5.4.1/bin/../lib/gcc/arm-none-eabi/5.4.1/../../../../arm-none-eabi/lib/armv7e-m/softfp\libg_nano.a(lib_a-mprec.o)
                0x1008450e                __i2b
 .text.__multiply
                0x10084520      0x122 c:/program files (x86)/cypress/psoc creator/4.2/psoc creator/import/gnu/arm/5.4.1/bin/../lib/gcc/arm-none-eabi/5.4.1/../../../../arm-none-eabi/lib/armv7e-m/softfp\libg_nano.a(lib_a-mprec.o)
                0x10084520                __multiply
 *fill*         0x10084642        0x2 
 .text.__pow5mult
                0x10084644       0x9c c:/program files (x86)/cypress/psoc creator/4.2/psoc creator/import/gnu/arm/5.4.1/bin/../lib/gcc/arm-none-eabi/5.4.1/../../../../arm-none-eabi/lib/armv7e-m/softfp\libg_nano.a(lib_a-mprec.o)
                0x10084644                __pow5mult
 .text.__lshift
                0x100846e0       0xa2 c:/program files (x86)/cypress/psoc creator/4.2/psoc creator/import/gnu/arm/5.4.1/bin/../lib/gcc/arm-none-eabi/5.4.1/../../../../arm-none-eabi/lib/armv7e-m/softfp\libg_nano.a(lib_a-mprec.o)
                0x100846e0                __lshift
 .text.__mcmp   0x10084782       0x38 c:/program files (x86)/cypress/psoc creator/4.2/psoc creator/import/gnu/arm/5.4.1/bin/../lib/gcc/arm-none-eabi/5.4.1/../../../../arm-none-eabi/lib/armv7e-m/softfp\libg_nano.a(lib_a-mprec.o)
                0x10084782                __mcmp
 .text.__mdiff  0x100847ba       0xbe c:/program files (x86)/cypress/psoc creator/4.2/psoc creator/import/gnu/arm/5.4.1/bin/../lib/gcc/arm-none-eabi/5.4.1/../../../../arm-none-eabi/lib/armv7e-m/softfp\libg_nano.a(lib_a-mprec.o)
                0x100847ba                __mdiff
 .text.__d2b    0x10084878       0x9c c:/program files (x86)/cypress/psoc creator/4.2/psoc creator/import/gnu/arm/5.4.1/bin/../lib/gcc/arm-none-eabi/5.4.1/../../../../arm-none-eabi/lib/armv7e-m/softfp\libg_nano.a(lib_a-mprec.o)
                0x10084878                __d2b
 .text._calloc_r
                0x10084914       0x1c c:/program files (x86)/cypress/psoc creator/4.2/psoc creator/import/gnu/arm/5.4.1/bin/../lib/gcc/arm-none-eabi/5.4.1/../../../../arm-none-eabi/lib/armv7e-m/softfp\libg_nano.a(lib_a-nano-callocr.o)
                0x10084914                _calloc_r
 .text._free_r  0x10084930       0x9c c:/program files (x86)/cypress/psoc creator/4.2/psoc creator/import/gnu/arm/5.4.1/bin/../lib/gcc/arm-none-eabi/5.4.1/../../../../arm-none-eabi/lib/armv7e-m/softfp\libg_nano.a(lib_a-nano-freer.o)
                0x10084930                _free_r
 .text._malloc_r
                0x100849cc       0xbc c:/program files (x86)/cypress/psoc creator/4.2/psoc creator/import/gnu/arm/5.4.1/bin/../lib/gcc/arm-none-eabi/5.4.1/../../../../arm-none-eabi/lib/armv7e-m/softfp\libg_nano.a(lib_a-nano-mallocr.o)
                0x100849cc                _malloc_r
 .text.__sfputc_r
                0x10084a88       0x30 c:/program files (x86)/cypress/psoc creator/4.2/psoc creator/import/gnu/arm/5.4.1/bin/../lib/gcc/arm-none-eabi/5.4.1/../../../../arm-none-eabi/lib/armv7e-m/softfp\libg_nano.a(lib_a-nano-vfprintf.o)
 .text.__sfputs_r
                0x10084ab8       0x24 c:/program files (x86)/cypress/psoc creator/4.2/psoc creator/import/gnu/arm/5.4.1/bin/../lib/gcc/arm-none-eabi/5.4.1/../../../../arm-none-eabi/lib/armv7e-m/softfp\libg_nano.a(lib_a-nano-vfprintf.o)
                0x10084ab8                __sfputs_r
 .text._vfprintf_r
                0x10084adc      0x238 c:/program files (x86)/cypress/psoc creator/4.2/psoc creator/import/gnu/arm/5.4.1/bin/../lib/gcc/arm-none-eabi/5.4.1/../../../../arm-none-eabi/lib/armv7e-m/softfp\libg_nano.a(lib_a-nano-vfprintf.o)
                0x10084adc                _vfprintf_r
                0x10084adc                _vfiprintf_r
 .text._putc_r  0x10084d14       0x6c c:/program files (x86)/cypress/psoc creator/4.2/psoc creator/import/gnu/arm/5.4.1/bin/../lib/gcc/arm-none-eabi/5.4.1/../../../../arm-none-eabi/lib/armv7e-m/softfp\libg_nano.a(lib_a-putc.o)
                0x10084d14                _putc_r
 .text._sbrk_r  0x10084d80       0x20 c:/program files (x86)/cypress/psoc creator/4.2/psoc creator/import/gnu/arm/5.4.1/bin/../lib/gcc/arm-none-eabi/5.4.1/../../../../arm-none-eabi/lib/armv7e-m/softfp\libg_nano.a(lib_a-sbrkr.o)
                0x10084d80                _sbrk_r
 .text.__sread  0x10084da0       0x22 c:/program files (x86)/cypress/psoc creator/4.2/psoc creator/import/gnu/arm/5.4.1/bin/../lib/gcc/arm-none-eabi/5.4.1/../../../../arm-none-eabi/lib/armv7e-m/softfp\libg_nano.a(lib_a-stdio.o)
                0x10084da0                __sread
 .text.__swrite
                0x10084dc2       0x38 c:/program files (x86)/cypress/psoc creator/4.2/psoc creator/import/gnu/arm/5.4.1/bin/../lib/gcc/arm-none-eabi/5.4.1/../../../../arm-none-eabi/lib/armv7e-m/softfp\libg_nano.a(lib_a-stdio.o)
                0x10084dc2                __swrite
 .text.__sseek  0x10084dfa       0x24 c:/program files (x86)/cypress/psoc creator/4.2/psoc creator/import/gnu/arm/5.4.1/bin/../lib/gcc/arm-none-eabi/5.4.1/../../../../arm-none-eabi/lib/armv7e-m/softfp\libg_nano.a(lib_a-stdio.o)
                0x10084dfa                __sseek
 .text.__sclose
                0x10084e1e        0x8 c:/program files (x86)/cypress/psoc creator/4.2/psoc creator/import/gnu/arm/5.4.1/bin/../lib/gcc/arm-none-eabi/5.4.1/../../../../arm-none-eabi/lib/armv7e-m/softfp\libg_nano.a(lib_a-stdio.o)
                0x10084e1e                __sclose
 *fill*         0x10084e26        0x2 
 .text._write_r
                0x10084e28       0x24 c:/program files (x86)/cypress/psoc creator/4.2/psoc creator/import/gnu/arm/5.4.1/bin/../lib/gcc/arm-none-eabi/5.4.1/../../../../arm-none-eabi/lib/armv7e-m/softfp\libg_nano.a(lib_a-writer.o)
                0x10084e28                _write_r
 .text._close_r
                0x10084e4c       0x20 c:/program files (x86)/cypress/psoc creator/4.2/psoc creator/import/gnu/arm/5.4.1/bin/../lib/gcc/arm-none-eabi/5.4.1/../../../../arm-none-eabi/lib/armv7e-m/softfp\libg_nano.a(lib_a-closer.o)
                0x10084e4c                _close_r
 .text._fstat_r
                0x10084e6c       0x24 c:/program files (x86)/cypress/psoc creator/4.2/psoc creator/import/gnu/arm/5.4.1/bin/../lib/gcc/arm-none-eabi/5.4.1/../../../../arm-none-eabi/lib/armv7e-m/softfp\libg_nano.a(lib_a-fstatr.o)
                0x10084e6c                _fstat_r
 .text._isatty_r
                0x10084e90       0x20 c:/program files (x86)/cypress/psoc creator/4.2/psoc creator/import/gnu/arm/5.4.1/bin/../lib/gcc/arm-none-eabi/5.4.1/../../../../arm-none-eabi/lib/armv7e-m/softfp\libg_nano.a(lib_a-isattyr.o)
                0x10084e90                _isatty_r
 .text._lseek_r
                0x10084eb0       0x24 c:/program files (x86)/cypress/psoc creator/4.2/psoc creator/import/gnu/arm/5.4.1/bin/../lib/gcc/arm-none-eabi/5.4.1/../../../../arm-none-eabi/lib/armv7e-m/softfp\libg_nano.a(lib_a-lseekr.o)
                0x10084eb0                _lseek_r
 .text.__malloc_lock
                0x10084ed4        0x2 c:/program files (x86)/cypress/psoc creator/4.2/psoc creator/import/gnu/arm/5.4.1/bin/../lib/gcc/arm-none-eabi/5.4.1/../../../../arm-none-eabi/lib/armv7e-m/softfp\libg_nano.a(lib_a-mlock.o)
                0x10084ed4                __malloc_lock
 .text.__malloc_unlock
                0x10084ed6        0x2 c:/program files (x86)/cypress/psoc creator/4.2/psoc creator/import/gnu/arm/5.4.1/bin/../lib/gcc/arm-none-eabi/5.4.1/../../../../arm-none-eabi/lib/armv7e-m/softfp\libg_nano.a(lib_a-mlock.o)
                0x10084ed6                __malloc_unlock
 .text._read_r  0x10084ed8       0x24 c:/program files (x86)/cypress/psoc creator/4.2/psoc creator/import/gnu/arm/5.4.1/bin/../lib/gcc/arm-none-eabi/5.4.1/../../../../arm-none-eabi/lib/armv7e-m/softfp\libg_nano.a(lib_a-readr.o)
                0x10084ed8                _read_r
 .text          0x10084efc      0x110 c:/program files (x86)/cypress/psoc creator/4.2/psoc creator/import/gnu/arm/5.4.1/bin/../lib/gcc/arm-none-eabi/5.4.1/armv7e-m/softfp\libgcc.a(_arm_cmpdf2.o)
                0x10084efc                __gtdf2
                0x10084efc                __gedf2
                0x10084f04                __ltdf2
                0x10084f04                __ledf2
                0x10084f0c                __nedf2
                0x10084f0c                __eqdf2
                0x10084f0c                __cmpdf2
                0x10084f88                __aeabi_cdrcmple
                0x10084f98                __aeabi_cdcmpeq
                0x10084f98                __aeabi_cdcmple
                0x10084fa8                __aeabi_dcmpeq
                0x10084fbc                __aeabi_dcmplt
                0x10084fd0                __aeabi_dcmple
                0x10084fe4                __aeabi_dcmpge
                0x10084ff8                __aeabi_dcmpgt
 .text          0x1008500c       0x2c c:/program files (x86)/cypress/psoc creator/4.2/psoc creator/import/gnu/arm/5.4.1/bin/../lib/gcc/arm-none-eabi/5.4.1/armv7e-m/softfp\libgcc.a(_arm_unorddf2.o)
                0x1008500c                __unorddf2
                0x1008500c                __aeabi_dcmpun
 .text          0x10085038       0x50 c:/program files (x86)/cypress/psoc creator/4.2/psoc creator/import/gnu/arm/5.4.1/bin/../lib/gcc/arm-none-eabi/5.4.1/armv7e-m/softfp\libgcc.a(_arm_fixdfsi.o)
                0x10085038                __aeabi_d2iz
                0x10085038                __fixdfsi
 .text._close   0x10085088       0x10 c:/program files (x86)/cypress/psoc creator/4.2/psoc creator/import/gnu/arm/5.4.1/bin/../lib/gcc/arm-none-eabi/5.4.1/../../../../arm-none-eabi/lib/armv7e-m/softfp\libnosys.a(close.o)
                0x10085088                _close
 .text._fstat   0x10085098       0x10 c:/program files (x86)/cypress/psoc creator/4.2/psoc creator/import/gnu/arm/5.4.1/bin/../lib/gcc/arm-none-eabi/5.4.1/../../../../arm-none-eabi/lib/armv7e-m/softfp\libnosys.a(fstat.o)
                0x10085098                _fstat
 .text._isatty  0x100850a8       0x10 c:/program files (x86)/cypress/psoc creator/4.2/psoc creator/import/gnu/arm/5.4.1/bin/../lib/gcc/arm-none-eabi/5.4.1/../../../../arm-none-eabi/lib/armv7e-m/softfp\libnosys.a(isatty.o)
                0x100850a8                _isatty
 .text._lseek   0x100850b8       0x10 c:/program files (x86)/cypress/psoc creator/4.2/psoc creator/import/gnu/arm/5.4.1/bin/../lib/gcc/arm-none-eabi/5.4.1/../../../../arm-none-eabi/lib/armv7e-m/softfp\libnosys.a(lseek.o)
                0x100850b8                _lseek
 .text._sbrk    0x100850c8       0x1c c:/program files (x86)/cypress/psoc creator/4.2/psoc creator/import/gnu/arm/5.4.1/bin/../lib/gcc/arm-none-eabi/5.4.1/../../../../arm-none-eabi/lib/armv7e-m/softfp\libnosys.a(sbrk.o)
                0x100850c8                _sbrk
 *(.init)
 .init          0x100850e4        0x4 c:/program files (x86)/cypress/psoc creator/4.2/psoc creator/import/gnu/arm/5.4.1/bin/../lib/gcc/arm-none-eabi/5.4.1/armv7e-m/softfp/crti.o
                0x100850e4                _init
 .init          0x100850e8        0x8 c:/program files (x86)/cypress/psoc creator/4.2/psoc creator/import/gnu/arm/5.4.1/bin/../lib/gcc/arm-none-eabi/5.4.1/armv7e-m/softfp/crtn.o
 *(.fini)
 .fini          0x100850f0        0x4 c:/program files (x86)/cypress/psoc creator/4.2/psoc creator/import/gnu/arm/5.4.1/bin/../lib/gcc/arm-none-eabi/5.4.1/armv7e-m/softfp/crti.o
                0x100850f0                _fini
 .fini          0x100850f4        0x8 c:/program files (x86)/cypress/psoc creator/4.2/psoc creator/import/gnu/arm/5.4.1/bin/../lib/gcc/arm-none-eabi/5.4.1/armv7e-m/softfp/crtn.o
 *crtbegin.o(.ctors)
 *crtbegin?.o(.ctors)
 *(EXCLUDE_FILE(*crtend.o *crtend?.o) .ctors)
 *(SORT(.ctors.*))
 *(.ctors)
 *crtbegin.o(.dtors)
 *crtbegin?.o(.dtors)
 *(EXCLUDE_FILE(*crtend.o *crtend?.o) .dtors)
 *(SORT(.dtors.*))
 *(.dtors)
 *(.rodata .rodata.* .constdata .constdata.* .conststring .conststring.*)
 .rodata.str1.4
                0x100850fc       0x13 .\CortexM4\ARM_GCC_541\Debug\ipc_cm4.o
 *fill*         0x1008510f        0x1 
 .rodata.str1.4
                0x10085110       0x3b .\CortexM4\ARM_GCC_541\Debug\voltage_monitor.o
 *fill*         0x1008514b        0x1 
 .rodata        0x1008514c       0x34 .\CortexM4\ARM_GCC_541\Debug\cy_ipc_config.o
 .rodata        0x10085180       0x10 .\CortexM4\ARM_GCC_541\Debug\cyfitter_sysint_cfg.o
                0x10085180                ADC_1_IRQ_cfg
                0x10085188                UART_SCB_IRQ_cfg
 .rodata.str1.4
                0x10085190       0x41 .\CortexM4\ARM_GCC_541\Debug\cy_sysint.o
 *fill*         0x100851d1        0x3 
 .rodata.str1.4
                0x100851d4       0x7f .\CortexM4\ARM_GCC_541\Debug\cy_ipc_drv.o
 *fill*         0x10085253        0x1 
 .rodata.str1.4
                0x10085254       0x3f .\CortexM4\ARM_GCC_541\Debug\cy_ipc_sema.o
 *fill*         0x10085293        0x1 
 .rodata.str1.4
                0x10085294       0x40 .\CortexM4\ARM_GCC_541\Debug\cy_ipc_pipe.o
                                 0x7f (size before relaxing)
 .rodata.str1.4
                0x100852d4       0xc4 .\CortexM4\ARM_GCC_541\Debug\cy_scb_uart.o
 .rodata.str1.4
                0x10085398       0x3b .\CortexM4\ARM_GCC_541\Debug\cy_sar.o
 *fill*         0x100853d3        0x1 
 .rodata        0x100853d4       0x40 .\CortexM4\ARM_GCC_541\Debug\UART.o
                0x100853d4                UART_config
 .rodata.str1.4
                0x10085414       0x3c .\CortexM4\ARM_GCC_541\Debug\ADC_1_INT.o
                                 0x3b (size before relaxing)
 .rodata        0x10085450       0x8c .\CortexM4\ARM_GCC_541\Debug\ADC_1_INIT.o
                0x10085450                ADC_1_allConfigs
 .rodata.str1.1
                0x100854dc        0x2 c:/program files (x86)/cypress/psoc creator/4.2/psoc creator/import/gnu/arm/5.4.1/bin/../lib/gcc/arm-none-eabi/5.4.1/../../../../arm-none-eabi/lib/armv7e-m/softfp\libg_nano.a(lib_a-impure.o)
 *fill*         0x100854de        0x2 
 .rodata._global_impure_ptr
                0x100854e0        0x4 c:/program files (x86)/cypress/psoc creator/4.2/psoc creator/import/gnu/arm/5.4.1/bin/../lib/gcc/arm-none-eabi/5.4.1/../../../../arm-none-eabi/lib/armv7e-m/softfp\libg_nano.a(lib_a-impure.o)
                0x100854e0                _global_impure_ptr
 .rodata.str1.1
                0x100854e4       0x12 c:/program files (x86)/cypress/psoc creator/4.2/psoc creator/import/gnu/arm/5.4.1/bin/../lib/gcc/arm-none-eabi/5.4.1/../../../../arm-none-eabi/lib/armv7e-m/softfp\libg_nano.a(lib_a-nano-vfprintf_float.o)
 .rodata.str1.1
                0x100854f6       0x22 c:/program files (x86)/cypress/psoc creator/4.2/psoc creator/import/gnu/arm/5.4.1/bin/../lib/gcc/arm-none-eabi/5.4.1/../../../../arm-none-eabi/lib/armv7e-m/softfp\libg_nano.a(lib_a-nano-vfprintf_i.o)
 .rodata.str1.1
                0x10085518        0xd c:/program files (x86)/cypress/psoc creator/4.2/psoc creator/import/gnu/arm/5.4.1/bin/../lib/gcc/arm-none-eabi/5.4.1/../../../../arm-none-eabi/lib/armv7e-m/softfp\libg_nano.a(lib_a-dtoa.o)
                                  0xf (size before relaxing)
 *fill*         0x10085525        0x3 
 .rodata.__sf_fake_stdin
                0x10085528       0x20 c:/program files (x86)/cypress/psoc creator/4.2/psoc creator/import/gnu/arm/5.4.1/bin/../lib/gcc/arm-none-eabi/5.4.1/../../../../arm-none-eabi/lib/armv7e-m/softfp\libg_nano.a(lib_a-findfp.o)
                0x10085528                __sf_fake_stdin
 .rodata.__sf_fake_stdout
                0x10085548       0x20 c:/program files (x86)/cypress/psoc creator/4.2/psoc creator/import/gnu/arm/5.4.1/bin/../lib/gcc/arm-none-eabi/5.4.1/../../../../arm-none-eabi/lib/armv7e-m/softfp\libg_nano.a(lib_a-findfp.o)
                0x10085548                __sf_fake_stdout
 .rodata.__sf_fake_stderr
                0x10085568       0x20 c:/program files (x86)/cypress/psoc creator/4.2/psoc creator/import/gnu/arm/5.4.1/bin/../lib/gcc/arm-none-eabi/5.4.1/../../../../arm-none-eabi/lib/armv7e-m/softfp\libg_nano.a(lib_a-findfp.o)
                0x10085568                __sf_fake_stderr
 .rodata.str1.1
                0x10085588        0x8 c:/program files (x86)/cypress/psoc creator/4.2/psoc creator/import/gnu/arm/5.4.1/bin/../lib/gcc/arm-none-eabi/5.4.1/../../../../arm-none-eabi/lib/armv7e-m/softfp\libg_nano.a(lib_a-locale.o)
                                  0xb (size before relaxing)
 .rodata.p05.5410
                0x10085590        0xc c:/program files (x86)/cypress/psoc creator/4.2/psoc creator/import/gnu/arm/5.4.1/bin/../lib/gcc/arm-none-eabi/5.4.1/../../../../arm-none-eabi/lib/armv7e-m/softfp\libg_nano.a(lib_a-mprec.o)
 *fill*         0x1008559c        0x4 
 .rodata.__mprec_bigtens
                0x100855a0       0x28 c:/program files (x86)/cypress/psoc creator/4.2/psoc creator/import/gnu/arm/5.4.1/bin/../lib/gcc/arm-none-eabi/5.4.1/../../../../arm-none-eabi/lib/armv7e-m/softfp\libg_nano.a(lib_a-mprec.o)
                0x100855a0                __mprec_bigtens
 .rodata.__mprec_tens
                0x100855c8       0xc8 c:/program files (x86)/cypress/psoc creator/4.2/psoc creator/import/gnu/arm/5.4.1/bin/../lib/gcc/arm-none-eabi/5.4.1/../../../../arm-none-eabi/lib/armv7e-m/softfp\libg_nano.a(lib_a-mprec.o)
                0x100855c8                __mprec_tens
 .rodata.str1.1
                0x10085690       0x11 c:/program files (x86)/cypress/psoc creator/4.2/psoc creator/import/gnu/arm/5.4.1/bin/../lib/gcc/arm-none-eabi/5.4.1/../../../../arm-none-eabi/lib/armv7e-m/softfp\libg_nano.a(lib_a-nano-vfprintf.o)
 *(.eh_frame*)
 *fill*         0x100856a1        0x3 
 .eh_frame      0x100856a4        0x0 c:/program files (x86)/cypress/psoc creator/4.2/psoc creator/import/gnu/arm/5.4.1/bin/../lib/gcc/arm-none-eabi/5.4.1/armv7e-m/softfp/crtbegin.o
 .eh_frame      0x100856a4        0x4 c:/program files (x86)/cypress/psoc creator/4.2/psoc creator/import/gnu/arm/5.4.1/bin/../lib/gcc/arm-none-eabi/5.4.1/armv7e-m/softfp/crtend.o

.glue_7         0x100856a8        0x0
 .glue_7        0x100856a8        0x0 linker stubs

.glue_7t        0x100856a8        0x0
 .glue_7t       0x100856a8        0x0 linker stubs

.vfp11_veneer   0x100856a8        0x0
 .vfp11_veneer  0x100856a8        0x0 linker stubs

.v4_bx          0x100856a8        0x0
 .v4_bx         0x100856a8        0x0 linker stubs

.iplt           0x100856a8        0x0
 .iplt          0x100856a8        0x0 c:/program files (x86)/cypress/psoc creator/4.2/psoc creator/import/gnu/arm/5.4.1/bin/../lib/gcc/arm-none-eabi/5.4.1/armv7e-m/softfp/crtbegin.o

.ARM.extab
 *(.ARM.extab* .gnu.linkonce.armextab.*)
                0x100856a8                __exidx_start = .

.ARM.exidx
 *(.ARM.exidx* .gnu.linkonce.armexidx.*)
                0x100856a8                __exidx_end = .

.copy.table     0x100856a8       0x18
                0x100856a8                . = ALIGN (0x4)
                0x100856a8                __copy_table_start__ = .
                0x100856a8        0x4 LONG 0x10080000 __Vectors
                0x100856ac        0x4 LONG 0x8024000 __ram_vectors_start__
                0x100856b0        0x4 LONG 0x28c (__Vectors_End - __Vectors)
                0x100856b4        0x4 LONG 0x100856c8 __etext
                0x100856b8        0x4 LONG 0x802428c __data_start__
                0x100856bc        0x4 LONG 0x56c (__data_end__ - __data_start__)
                0x100856c0                __copy_table_end__ = .

.zero.table     0x100856c0        0x8
                0x100856c0                . = ALIGN (0x4)
                0x100856c0                __zero_table_start__ = .
                0x100856c0        0x4 LONG 0x8024890 __bss_start__
                0x100856c4        0x4 LONG 0x2d0 (__bss_end__ - __bss_start__)
                0x100856c8                __zero_table_end__ = .
                0x100856c8                __etext = .

.ramVectors     0x08024000      0x28c
                0x08024000                __ram_vectors_start__ = .
 *(.ram_vectors)
 .ram_vectors   0x08024000      0x28c .\CortexM4\ARM_GCC_541\Debug\startup_psoc63_cm4.o
                0x08024000                __ramVectors
                0x0802428c                __ram_vectors_end__ = .

.data           0x0802428c      0x56c load address 0x100856c8
                0x0802428c                __data_start__ = .
 *(vtable)
 *(.data*)
 .data          0x0802428c       0x20 .\CortexM4\ARM_GCC_541\Debug\system_psoc63_cm4.o
                0x0802428c                cy_BleEcoClockFreqHz
                0x08024290                cy_Hfclk0FreqHz
                0x08024294                cy_PeriClkFreqHz
                0x08024298                SystemCoreClock
                0x0802429c                cy_delayFreqHz
                0x080242a0                cy_delayFreqMhz
                0x080242a4                cy_delayFreqKhz
                0x080242a8                cy_delay32kMs
 .data          0x080242ac        0x1 .\CortexM4\ARM_GCC_541\Debug\ipc_cm4.o
                0x080242ac                rdyToReceive
 *fill*         0x080242ad        0x3 
 .data          0x080242b0        0x4 .\CortexM4\ARM_GCC_541\Debug\cy_flash.o
 .data.impure_data
                0x080242b4       0x60 c:/program files (x86)/cypress/psoc creator/4.2/psoc creator/import/gnu/arm/5.4.1/bin/../lib/gcc/arm-none-eabi/5.4.1/../../../../arm-none-eabi/lib/armv7e-m/softfp\libg_nano.a(lib_a-impure.o)
 .data._impure_ptr
                0x08024314        0x4 c:/program files (x86)/cypress/psoc creator/4.2/psoc creator/import/gnu/arm/5.4.1/bin/../lib/gcc/arm-none-eabi/5.4.1/../../../../arm-none-eabi/lib/armv7e-m/softfp\libg_nano.a(lib_a-impure.o)
                0x08024314                _impure_ptr
 .data.lconv    0x08024318       0x38 c:/program files (x86)/cypress/psoc creator/4.2/psoc creator/import/gnu/arm/5.4.1/bin/../lib/gcc/arm-none-eabi/5.4.1/../../../../arm-none-eabi/lib/armv7e-m/softfp\libg_nano.a(lib_a-locale.o)
                0x08024350                . = ALIGN (0x4)
                0x08024350                PROVIDE (__preinit_array_start, .)
 *(.preinit_array)
                0x08024350                PROVIDE (__preinit_array_end, .)
                0x08024350                . = ALIGN (0x4)
                0x08024350                PROVIDE (__init_array_start, .)
 *(SORT(.init_array.*))
 *(.init_array)
 .init_array    0x08024350        0x4 c:/program files (x86)/cypress/psoc creator/4.2/psoc creator/import/gnu/arm/5.4.1/bin/../lib/gcc/arm-none-eabi/5.4.1/armv7e-m/softfp/crtbegin.o
                0x08024354                PROVIDE (__init_array_end, .)
                0x08024354                . = ALIGN (0x4)
                [!provide]                PROVIDE (__fini_array_start, .)
 *(SORT(.fini_array.*))
 *(.fini_array)
 .fini_array    0x08024354        0x4 c:/program files (x86)/cypress/psoc creator/4.2/psoc creator/import/gnu/arm/5.4.1/bin/../lib/gcc/arm-none-eabi/5.4.1/armv7e-m/softfp/crtbegin.o
                [!provide]                PROVIDE (__fini_array_end, .)
 *(.jcr*)
 .jcr           0x08024358        0x0 c:/program files (x86)/cypress/psoc creator/4.2/psoc creator/import/gnu/arm/5.4.1/bin/../lib/gcc/arm-none-eabi/5.4.1/armv7e-m/softfp/crtbegin.o
 .jcr           0x08024358        0x4 c:/program files (x86)/cypress/psoc creator/4.2/psoc creator/import/gnu/arm/5.4.1/bin/../lib/gcc/arm-none-eabi/5.4.1/armv7e-m/softfp/crtend.o
                0x0802435c                . = ALIGN (0x4)
 *(.cy_ramfunc*)
 .cy_ramfunc    0x0802435c      0x29c .\CortexM4\ARM_GCC_541\Debug\cy_flash.o
 .cy_ramfunc    0x080245f8      0x190 .\CortexM4\ARM_GCC_541\Debug\cy_syspm.o
 .cy_ramfunc.__stub
                0x08024788       0x70 linker stubs
                0x080247f8                . = ALIGN (0x4)
                0x080247f8                __data_end__ = .

.igot.plt       0x080247f8        0x0 load address 0x10085c34
 .igot.plt      0x080247f8        0x0 c:/program files (x86)/cypress/psoc creator/4.2/psoc creator/import/gnu/arm/5.4.1/bin/../lib/gcc/arm-none-eabi/5.4.1/armv7e-m/softfp/crtbegin.o

.noinit         0x080247f8       0x94 load address 0x10085c38
 *(.noinit)
 .noinit        0x080247f8       0x94 .\CortexM4\ARM_GCC_541\Debug\cy_syslib.o
                0x080247f8                cy_assertFileName
                0x08024810                cy_assertLine
                0x08024814                cy_faultFrame

.bss            0x08024890      0x2d0 load address 0x10085cd0
                0x08024890                . = ALIGN (0x4)
                0x08024890                __bss_start__ = .
 *(.bss*)
 .bss           0x08024890       0x1c c:/program files (x86)/cypress/psoc creator/4.2/psoc creator/import/gnu/arm/5.4.1/bin/../lib/gcc/arm-none-eabi/5.4.1/armv7e-m/softfp/crtbegin.o
 .bss           0x080248ac      0x180 .\CortexM4\ARM_GCC_541\Debug\cy_ipc_config.o
 .bss           0x08024a2c        0xc .\CortexM4\ARM_GCC_541\Debug\cy_ipc_sema.o
 .bss           0x08024a38        0x4 .\CortexM4\ARM_GCC_541\Debug\cy_ipc_pipe.o
 .bss           0x08024a3c       0x10 .\CortexM4\ARM_GCC_541\Debug\cy_flash.o
 .bss           0x08024a4c       0x30 .\CortexM4\ARM_GCC_541\Debug\cy_syspm.o
 .bss           0x08024a7c        0x1 .\CortexM4\ARM_GCC_541\Debug\UART.o
                0x08024a7c                UART_initVar
 *fill*         0x08024a7d        0x3 
 .bss           0x08024a80        0x6 .\CortexM4\ARM_GCC_541\Debug\ADC_1.o
                0x08024a80                ADC_1_currentConfig
                0x08024a84                ADC_1_initVar
                0x08024a85                ADC_1_selected
 *fill*         0x08024a86        0x2 
 .bss.__malloc_sbrk_start
                0x08024a88        0x4 c:/program files (x86)/cypress/psoc creator/4.2/psoc creator/import/gnu/arm/5.4.1/bin/../lib/gcc/arm-none-eabi/5.4.1/../../../../arm-none-eabi/lib/armv7e-m/softfp\libg_nano.a(lib_a-nano-mallocr.o)
                0x08024a88                __malloc_sbrk_start
 .bss.__malloc_free_list
                0x08024a8c        0x4 c:/program files (x86)/cypress/psoc creator/4.2/psoc creator/import/gnu/arm/5.4.1/bin/../lib/gcc/arm-none-eabi/5.4.1/../../../../arm-none-eabi/lib/armv7e-m/softfp\libg_nano.a(lib_a-nano-mallocr.o)
                0x08024a8c                __malloc_free_list
 .bss.heap_end.4169
                0x08024a90        0x4 c:/program files (x86)/cypress/psoc creator/4.2/psoc creator/import/gnu/arm/5.4.1/bin/../lib/gcc/arm-none-eabi/5.4.1/../../../../arm-none-eabi/lib/armv7e-m/softfp\libnosys.a(sbrk.o)
 *(COMMON)
 *fill*         0x08024a94        0x4 
 COMMON         0x08024a98       0x2a .\CortexM4\ARM_GCC_541\Debug\main_cm4.o
                0x08024a98                arr
                0x08024aac                rbuf
                0x08024ab8                adc_voltage
                0x08024ac0                result
 *fill*         0x08024ac2        0x2 
 COMMON         0x08024ac4       0x60 .\CortexM4\ARM_GCC_541\Debug\cy_sar.o
                0x08024ac4                Cy_SAR_offset
                0x08024ae4                Cy_SAR_countsPer10Volt
 COMMON         0x08024b24       0x38 .\CortexM4\ARM_GCC_541\Debug\UART.o
                0x08024b24                UART_context
 COMMON         0x08024b5c        0x4 c:/program files (x86)/cypress/psoc creator/4.2/psoc creator/import/gnu/arm/5.4.1/bin/../lib/gcc/arm-none-eabi/5.4.1/../../../../arm-none-eabi/lib/armv7e-m/softfp\libg_nano.a(lib_a-reent.o)
                0x08024b5c                errno
                0x08024b60                . = ALIGN (0x4)
                0x08024b60                __bss_end__ = .

.heap           0x08024b60      0x400
                0x08024b60                __HeapBase = .
                0x08024b60                __end__ = .
                0x08024b60                end = __end__
 *(.heap*)
 .heap          0x08024b60      0x400 .\CortexM4\ARM_GCC_541\Debug\startup_psoc63_cm4.o
                0x08024f60                __HeapLimit = .

.stack_dummy    0x08024b60     0x1000
 *(.stack*)
 .stack         0x08024b60     0x1000 .\CortexM4\ARM_GCC_541\Debug\startup_psoc63_cm4.o
                0x08047800                __StackTop = (ORIGIN (ram) + LENGTH (ram))
                0x08046800                __StackLimit = (__StackTop - SIZEOF (.stack_dummy))
                0x08047800                PROVIDE (__stack, __StackTop)
                0x00000001                ASSERT ((__StackLimit >= __HeapLimit), region RAM overflowed with stack)

.cy_app_signature
 *(.cy_app_signature)

.cy_em_eeprom
 *(.cy_em_eeprom)

.cy_sflash_user_data
 *(.cy_sflash_user_data)

.cy_sflash_nar
 *(.cy_sflash_nar)

.cy_sflash_public_key
 *(.cy_sflash_public_key)

.cy_toc_part2
 *(.cy_toc_part2)

.cy_rtoc_part2
 *(.cy_rtoc_part2)

.cy_xip
 *(.cy_xip)

.cy_efuse
 *(.cy_efuse)

.cymeta         0x90500000        0xc
 *(.cymeta)
 .cymeta        0x90500000        0xc .\CortexM4\ARM_GCC_541\Debug\cymetadata.o
                0x90500000                cy_metadata
                0x10000000                __cy_memory_0_start = 0x10000000
                0x00100000                __cy_memory_0_length = 0x100000
                0x00000200                __cy_memory_0_row_size = 0x200
                0x14000000                __cy_memory_1_start = 0x14000000
                0x00008000                __cy_memory_1_length = 0x8000
                0x00000200                __cy_memory_1_row_size = 0x200
                0x16000000                __cy_memory_2_start = 0x16000000
                0x00008000                __cy_memory_2_length = 0x8000
                0x00000200                __cy_memory_2_row_size = 0x200
                0x18000000                __cy_memory_3_start = 0x18000000
                0x08000000                __cy_memory_3_length = 0x8000000
                0x00000200                __cy_memory_3_row_size = 0x200
                0x90700000                __cy_memory_4_start = 0x90700000
                0x00100000                __cy_memory_4_length = 0x100000
                0x00000001                __cy_memory_4_row_size = 0x1
OUTPUT(C:\PSoC 6 Projects\sel_voltage_monitor\SELVoltageMonitor\SELVoltageMonitor.cydsn\CortexM4\ARM_GCC_541\Debug\SELVoltageMonitor_link.elf elf32-littlearm)

.rel.dyn        0x08024b60        0x0 load address 0x9856144c
 .rel.iplt      0x08024b60        0x0 c:/program files (x86)/cypress/psoc creator/4.2/psoc creator/import/gnu/arm/5.4.1/bin/../lib/gcc/arm-none-eabi/5.4.1/armv7e-m/softfp/crtbegin.o

.ARM.attributes
                0x00000000       0x2e
 .ARM.attributes
                0x00000000       0x22 c:/program files (x86)/cypress/psoc creator/4.2/psoc creator/import/gnu/arm/5.4.1/bin/../lib/gcc/arm-none-eabi/5.4.1/armv7e-m/softfp/crti.o
 .ARM.attributes
                0x00000022       0x32 c:/program files (x86)/cypress/psoc creator/4.2/psoc creator/import/gnu/arm/5.4.1/bin/../lib/gcc/arm-none-eabi/5.4.1/armv7e-m/softfp/crtbegin.o
 .ARM.attributes
                0x00000054       0x1f .\CortexM4\ARM_GCC_541\Debug\startup_psoc63_cm4.o
 .ARM.attributes
                0x00000073       0x37 .\CortexM4\ARM_GCC_541\Debug\main_cm4.o
 .ARM.attributes
                0x000000aa       0x37 .\CortexM4\ARM_GCC_541\Debug\system_psoc63_cm4.o
 .ARM.attributes
                0x000000e1       0x37 .\CortexM4\ARM_GCC_541\Debug\ipc_cm4.o
 .ARM.attributes
                0x00000118       0x37 .\CortexM4\ARM_GCC_541\Debug\voltage_monitor.o
 .ARM.attributes
                0x0000014f       0x37 .\CortexM4\ARM_GCC_541\Debug\ring_buffer.o
 .ARM.attributes
                0x00000186       0x37 .\CortexM4\ARM_GCC_541\Debug\cy_ipc_config.o
 .ARM.attributes
                0x000001bd       0x37 .\CortexM4\ARM_GCC_541\Debug\stdio_user.o
 .ARM.attributes
                0x000001f4       0x37 .\CortexM4\ARM_GCC_541\Debug\cyfitter_sysint_cfg.o
 .ARM.attributes
                0x0000022b       0x37 .\CortexM4\ARM_GCC_541\Debug\cymetadata.o
 .ARM.attributes
                0x00000262       0x37 .\CortexM4\ARM_GCC_541\Debug\cy_sysint.o
 .ARM.attributes
                0x00000299       0x37 .\CortexM4\ARM_GCC_541\Debug\cy_ipc_drv.o
 .ARM.attributes
                0x000002d0       0x37 .\CortexM4\ARM_GCC_541\Debug\cy_ipc_sema.o
 .ARM.attributes
                0x00000307       0x37 .\CortexM4\ARM_GCC_541\Debug\cy_ipc_pipe.o
 .ARM.attributes
                0x0000033e       0x37 .\CortexM4\ARM_GCC_541\Debug\cy_flash.o
 .ARM.attributes
                0x00000375       0x37 .\CortexM4\ARM_GCC_541\Debug\cy_syspm.o
 .ARM.attributes
                0x000003ac       0x37 .\CortexM4\ARM_GCC_541\Debug\cy_syslib.o
 .ARM.attributes
                0x000003e3       0x25 .\CortexM4\ARM_GCC_541\Debug\cy_syslib_gcc.o
 .ARM.attributes
                0x00000408       0x37 .\CortexM4\ARM_GCC_541\Debug\cy_scb_common.o
 .ARM.attributes
                0x0000043f       0x37 .\CortexM4\ARM_GCC_541\Debug\cy_scb_uart.o
 .ARM.attributes
                0x00000476       0x37 .\CortexM4\ARM_GCC_541\Debug\cy_sar.o
 .ARM.attributes
                0x000004ad       0x37 .\CortexM4\ARM_GCC_541\Debug\retarget.o
 .ARM.attributes
                0x000004e4       0x37 .\CortexM4\ARM_GCC_541\Debug\UART.o
 .ARM.attributes
                0x0000051b       0x37 .\CortexM4\ARM_GCC_541\Debug\ADC_1.o
 .ARM.attributes
                0x00000552       0x37 .\CortexM4\ARM_GCC_541\Debug\ADC_1_INT.o
 .ARM.attributes
                0x00000589       0x37 .\CortexM4\ARM_GCC_541\Debug\ADC_1_INIT.o
 .ARM.attributes
                0x000005c0       0x22 c:/program files (x86)/cypress/psoc creator/4.2/psoc creator/import/gnu/arm/5.4.1/bin/../lib/gcc/arm-none-eabi/5.4.1/armv7e-m/softfp\libgcc.a(_arm_addsubdf3.o)
 .ARM.attributes
                0x000005e2       0x22 c:/program files (x86)/cypress/psoc creator/4.2/psoc creator/import/gnu/arm/5.4.1/bin/../lib/gcc/arm-none-eabi/5.4.1/armv7e-m/softfp\libgcc.a(_arm_muldivdf3.o)
 .ARM.attributes
                0x00000604       0x32 c:/program files (x86)/cypress/psoc creator/4.2/psoc creator/import/gnu/arm/5.4.1/bin/../lib/gcc/arm-none-eabi/5.4.1/../../../../arm-none-eabi/lib/armv7e-m/softfp\libg_nano.a(lib_a-impure.o)
 .ARM.attributes
                0x00000636       0x32 c:/program files (x86)/cypress/psoc creator/4.2/psoc creator/import/gnu/arm/5.4.1/bin/../lib/gcc/arm-none-eabi/5.4.1/../../../../arm-none-eabi/lib/armv7e-m/softfp\libg_nano.a(lib_a-memset.o)
 .ARM.attributes
                0x00000668       0x32 c:/program files (x86)/cypress/psoc creator/4.2/psoc creator/import/gnu/arm/5.4.1/bin/../lib/gcc/arm-none-eabi/5.4.1/../../../../arm-none-eabi/lib/armv7e-m/softfp\libg_nano.a(lib_a-nano-vfprintf_float.o)
 .ARM.attributes
                0x0000069a       0x32 c:/program files (x86)/cypress/psoc creator/4.2/psoc creator/import/gnu/arm/5.4.1/bin/../lib/gcc/arm-none-eabi/5.4.1/../../../../arm-none-eabi/lib/armv7e-m/softfp\libg_nano.a(lib_a-nano-vfprintf_i.o)
 .ARM.attributes
                0x000006cc       0x32 c:/program files (x86)/cypress/psoc creator/4.2/psoc creator/import/gnu/arm/5.4.1/bin/../lib/gcc/arm-none-eabi/5.4.1/../../../../arm-none-eabi/lib/armv7e-m/softfp\libg_nano.a(lib_a-printf.o)
 .ARM.attributes
                0x000006fe       0x32 c:/program files (x86)/cypress/psoc creator/4.2/psoc creator/import/gnu/arm/5.4.1/bin/../lib/gcc/arm-none-eabi/5.4.1/../../../../arm-none-eabi/lib/armv7e-m/softfp\libg_nano.a(lib_a-putchar.o)
 .ARM.attributes
                0x00000730       0x32 c:/program files (x86)/cypress/psoc creator/4.2/psoc creator/import/gnu/arm/5.4.1/bin/../lib/gcc/arm-none-eabi/5.4.1/../../../../arm-none-eabi/lib/armv7e-m/softfp\libg_nano.a(lib_a-puts.o)
 .ARM.attributes
                0x00000762       0x32 c:/program files (x86)/cypress/psoc creator/4.2/psoc creator/import/gnu/arm/5.4.1/bin/../lib/gcc/arm-none-eabi/5.4.1/../../../../arm-none-eabi/lib/armv7e-m/softfp\libg_nano.a(lib_a-setvbuf.o)
 .ARM.attributes
                0x00000794       0x1b c:/program files (x86)/cypress/psoc creator/4.2/psoc creator/import/gnu/arm/5.4.1/bin/../lib/gcc/arm-none-eabi/5.4.1/../../../../arm-none-eabi/lib/armv7e-m/softfp\libg_nano.a(lib_a-strlen.o)
 .ARM.attributes
                0x000007af       0x32 c:/program files (x86)/cypress/psoc creator/4.2/psoc creator/import/gnu/arm/5.4.1/bin/../lib/gcc/arm-none-eabi/5.4.1/../../../../arm-none-eabi/lib/armv7e-m/softfp\libg_nano.a(lib_a-strncpy.o)
 .ARM.attributes
                0x000007e1       0x32 c:/program files (x86)/cypress/psoc creator/4.2/psoc creator/import/gnu/arm/5.4.1/bin/../lib/gcc/arm-none-eabi/5.4.1/../../../../arm-none-eabi/lib/armv7e-m/softfp\libg_nano.a(lib_a-wbuf.o)
 .ARM.attributes
                0x00000813       0x32 c:/program files (x86)/cypress/psoc creator/4.2/psoc creator/import/gnu/arm/5.4.1/bin/../lib/gcc/arm-none-eabi/5.4.1/../../../../arm-none-eabi/lib/armv7e-m/softfp\libg_nano.a(lib_a-wsetup.o)
 .ARM.attributes
                0x00000845       0x32 c:/program files (x86)/cypress/psoc creator/4.2/psoc creator/import/gnu/arm/5.4.1/bin/../lib/gcc/arm-none-eabi/5.4.1/../../../../arm-none-eabi/lib/armv7e-m/softfp\libg_nano.a(lib_a-dtoa.o)
 .ARM.attributes
                0x00000877       0x32 c:/program files (x86)/cypress/psoc creator/4.2/psoc creator/import/gnu/arm/5.4.1/bin/../lib/gcc/arm-none-eabi/5.4.1/../../../../arm-none-eabi/lib/armv7e-m/softfp\libg_nano.a(lib_a-fflush.o)
 .ARM.attributes
                0x000008a9       0x32 c:/program files (x86)/cypress/psoc creator/4.2/psoc creator/import/gnu/arm/5.4.1/bin/../lib/gcc/arm-none-eabi/5.4.1/../../../../arm-none-eabi/lib/armv7e-m/softfp\libg_nano.a(lib_a-findfp.o)
 .ARM.attributes
                0x000008db       0x32 c:/program files (x86)/cypress/psoc creator/4.2/psoc creator/import/gnu/arm/5.4.1/bin/../lib/gcc/arm-none-eabi/5.4.1/../../../../arm-none-eabi/lib/armv7e-m/softfp\libg_nano.a(lib_a-fwalk.o)
 .ARM.attributes
                0x0000090d       0x32 c:/program files (x86)/cypress/psoc creator/4.2/psoc creator/import/gnu/arm/5.4.1/bin/../lib/gcc/arm-none-eabi/5.4.1/../../../../arm-none-eabi/lib/armv7e-m/softfp\libg_nano.a(lib_a-locale.o)
 .ARM.attributes
                0x0000093f       0x32 c:/program files (x86)/cypress/psoc creator/4.2/psoc creator/import/gnu/arm/5.4.1/bin/../lib/gcc/arm-none-eabi/5.4.1/../../../../arm-none-eabi/lib/armv7e-m/softfp\libg_nano.a(lib_a-makebuf.o)
 .ARM.attributes
                0x00000971       0x32 c:/program files (x86)/cypress/psoc creator/4.2/psoc creator/import/gnu/arm/5.4.1/bin/../lib/gcc/arm-none-eabi/5.4.1/../../../../arm-none-eabi/lib/armv7e-m/softfp\libg_nano.a(lib_a-malloc.o)
 .ARM.attributes
                0x000009a3       0x20 c:/program files (x86)/cypress/psoc creator/4.2/psoc creator/import/gnu/arm/5.4.1/bin/../lib/gcc/arm-none-eabi/5.4.1/../../../../arm-none-eabi/lib/armv7e-m/softfp\libg_nano.a(lib_a-memchr.o)
 .ARM.attributes
                0x000009c3       0x32 c:/program files (x86)/cypress/psoc creator/4.2/psoc creator/import/gnu/arm/5.4.1/bin/../lib/gcc/arm-none-eabi/5.4.1/../../../../arm-none-eabi/lib/armv7e-m/softfp\libg_nano.a(lib_a-memcpy-stub.o)
 .ARM.attributes
                0x000009f5       0x32 c:/program files (x86)/cypress/psoc creator/4.2/psoc creator/import/gnu/arm/5.4.1/bin/../lib/gcc/arm-none-eabi/5.4.1/../../../../arm-none-eabi/lib/armv7e-m/softfp\libg_nano.a(lib_a-mprec.o)
 .ARM.attributes
                0x00000a27       0x32 c:/program files (x86)/cypress/psoc creator/4.2/psoc creator/import/gnu/arm/5.4.1/bin/../lib/gcc/arm-none-eabi/5.4.1/../../../../arm-none-eabi/lib/armv7e-m/softfp\libg_nano.a(lib_a-nano-callocr.o)
 .ARM.attributes
                0x00000a59       0x32 c:/program files (x86)/cypress/psoc creator/4.2/psoc creator/import/gnu/arm/5.4.1/bin/../lib/gcc/arm-none-eabi/5.4.1/../../../../arm-none-eabi/lib/armv7e-m/softfp\libg_nano.a(lib_a-nano-freer.o)
 .ARM.attributes
                0x00000a8b       0x32 c:/program files (x86)/cypress/psoc creator/4.2/psoc creator/import/gnu/arm/5.4.1/bin/../lib/gcc/arm-none-eabi/5.4.1/../../../../arm-none-eabi/lib/armv7e-m/softfp\libg_nano.a(lib_a-nano-mallocr.o)
 .ARM.attributes
                0x00000abd       0x32 c:/program files (x86)/cypress/psoc creator/4.2/psoc creator/import/gnu/arm/5.4.1/bin/../lib/gcc/arm-none-eabi/5.4.1/../../../../arm-none-eabi/lib/armv7e-m/softfp\libg_nano.a(lib_a-nano-vfprintf.o)
 .ARM.attributes
                0x00000aef       0x32 c:/program files (x86)/cypress/psoc creator/4.2/psoc creator/import/gnu/arm/5.4.1/bin/../lib/gcc/arm-none-eabi/5.4.1/../../../../arm-none-eabi/lib/armv7e-m/softfp\libg_nano.a(lib_a-putc.o)
 .ARM.attributes
                0x00000b21       0x32 c:/program files (x86)/cypress/psoc creator/4.2/psoc creator/import/gnu/arm/5.4.1/bin/../lib/gcc/arm-none-eabi/5.4.1/../../../../arm-none-eabi/lib/armv7e-m/softfp\libg_nano.a(lib_a-sbrkr.o)
 .ARM.attributes
                0x00000b53       0x32 c:/program files (x86)/cypress/psoc creator/4.2/psoc creator/import/gnu/arm/5.4.1/bin/../lib/gcc/arm-none-eabi/5.4.1/../../../../arm-none-eabi/lib/armv7e-m/softfp\libg_nano.a(lib_a-stdio.o)
 .ARM.attributes
                0x00000b85       0x32 c:/program files (x86)/cypress/psoc creator/4.2/psoc creator/import/gnu/arm/5.4.1/bin/../lib/gcc/arm-none-eabi/5.4.1/../../../../arm-none-eabi/lib/armv7e-m/softfp\libg_nano.a(lib_a-writer.o)
 .ARM.attributes
                0x00000bb7       0x32 c:/program files (x86)/cypress/psoc creator/4.2/psoc creator/import/gnu/arm/5.4.1/bin/../lib/gcc/arm-none-eabi/5.4.1/../../../../arm-none-eabi/lib/armv7e-m/softfp\libg_nano.a(lib_a-closer.o)
 .ARM.attributes
                0x00000be9       0x32 c:/program files (x86)/cypress/psoc creator/4.2/psoc creator/import/gnu/arm/5.4.1/bin/../lib/gcc/arm-none-eabi/5.4.1/../../../../arm-none-eabi/lib/armv7e-m/softfp\libg_nano.a(lib_a-fstatr.o)
 .ARM.attributes
                0x00000c1b       0x32 c:/program files (x86)/cypress/psoc creator/4.2/psoc creator/import/gnu/arm/5.4.1/bin/../lib/gcc/arm-none-eabi/5.4.1/../../../../arm-none-eabi/lib/armv7e-m/softfp\libg_nano.a(lib_a-isattyr.o)
 .ARM.attributes
                0x00000c4d       0x32 c:/program files (x86)/cypress/psoc creator/4.2/psoc creator/import/gnu/arm/5.4.1/bin/../lib/gcc/arm-none-eabi/5.4.1/../../../../arm-none-eabi/lib/armv7e-m/softfp\libg_nano.a(lib_a-lseekr.o)
 .ARM.attributes
                0x00000c7f       0x32 c:/program files (x86)/cypress/psoc creator/4.2/psoc creator/import/gnu/arm/5.4.1/bin/../lib/gcc/arm-none-eabi/5.4.1/../../../../arm-none-eabi/lib/armv7e-m/softfp\libg_nano.a(lib_a-mlock.o)
 .ARM.attributes
                0x00000cb1       0x32 c:/program files (x86)/cypress/psoc creator/4.2/psoc creator/import/gnu/arm/5.4.1/bin/../lib/gcc/arm-none-eabi/5.4.1/../../../../arm-none-eabi/lib/armv7e-m/softfp\libg_nano.a(lib_a-readr.o)
 .ARM.attributes
                0x00000ce3       0x32 c:/program files (x86)/cypress/psoc creator/4.2/psoc creator/import/gnu/arm/5.4.1/bin/../lib/gcc/arm-none-eabi/5.4.1/../../../../arm-none-eabi/lib/armv7e-m/softfp\libg_nano.a(lib_a-reent.o)
 .ARM.attributes
                0x00000d15       0x22 c:/program files (x86)/cypress/psoc creator/4.2/psoc creator/import/gnu/arm/5.4.1/bin/../lib/gcc/arm-none-eabi/5.4.1/armv7e-m/softfp\libgcc.a(_arm_cmpdf2.o)
 .ARM.attributes
                0x00000d37       0x22 c:/program files (x86)/cypress/psoc creator/4.2/psoc creator/import/gnu/arm/5.4.1/bin/../lib/gcc/arm-none-eabi/5.4.1/armv7e-m/softfp\libgcc.a(_arm_unorddf2.o)
 .ARM.attributes
                0x00000d59       0x22 c:/program files (x86)/cypress/psoc creator/4.2/psoc creator/import/gnu/arm/5.4.1/bin/../lib/gcc/arm-none-eabi/5.4.1/armv7e-m/softfp\libgcc.a(_arm_fixdfsi.o)
 .ARM.attributes
                0x00000d7b       0x32 c:/program files (x86)/cypress/psoc creator/4.2/psoc creator/import/gnu/arm/5.4.1/bin/../lib/gcc/arm-none-eabi/5.4.1/armv7e-m/softfp/crtend.o
 .ARM.attributes
                0x00000dad       0x22 c:/program files (x86)/cypress/psoc creator/4.2/psoc creator/import/gnu/arm/5.4.1/bin/../lib/gcc/arm-none-eabi/5.4.1/armv7e-m/softfp/crtn.o
 .ARM.attributes
                0x00000dcf       0x32 c:/program files (x86)/cypress/psoc creator/4.2/psoc creator/import/gnu/arm/5.4.1/bin/../lib/gcc/arm-none-eabi/5.4.1/../../../../arm-none-eabi/lib/armv7e-m/softfp\libnosys.a(close.o)
 .ARM.attributes
                0x00000e01       0x32 c:/program files (x86)/cypress/psoc creator/4.2/psoc creator/import/gnu/arm/5.4.1/bin/../lib/gcc/arm-none-eabi/5.4.1/../../../../arm-none-eabi/lib/armv7e-m/softfp\libnosys.a(fstat.o)
 .ARM.attributes
                0x00000e33       0x32 c:/program files (x86)/cypress/psoc creator/4.2/psoc creator/import/gnu/arm/5.4.1/bin/../lib/gcc/arm-none-eabi/5.4.1/../../../../arm-none-eabi/lib/armv7e-m/softfp\libnosys.a(isatty.o)
 .ARM.attributes
                0x00000e65       0x32 c:/program files (x86)/cypress/psoc creator/4.2/psoc creator/import/gnu/arm/5.4.1/bin/../lib/gcc/arm-none-eabi/5.4.1/../../../../arm-none-eabi/lib/armv7e-m/softfp\libnosys.a(lseek.o)
 .ARM.attributes
                0x00000e97       0x32 c:/program files (x86)/cypress/psoc creator/4.2/psoc creator/import/gnu/arm/5.4.1/bin/../lib/gcc/arm-none-eabi/5.4.1/../../../../arm-none-eabi/lib/armv7e-m/softfp\libnosys.a(sbrk.o)

.comment        0x00000000       0x6e
 .comment       0x00000000       0x6e .\CortexM4\ARM_GCC_541\Debug\main_cm4.o
                                 0x6f (size before relaxing)
 .comment       0x0000006e       0x6f .\CortexM4\ARM_GCC_541\Debug\system_psoc63_cm4.o
 .comment       0x0000006e       0x6f .\CortexM4\ARM_GCC_541\Debug\ipc_cm4.o
 .comment       0x0000006e       0x6f .\CortexM4\ARM_GCC_541\Debug\voltage_monitor.o
 .comment       0x0000006e       0x6f .\CortexM4\ARM_GCC_541\Debug\ring_buffer.o
 .comment       0x0000006e       0x6f .\CortexM4\ARM_GCC_541\Debug\cy_ipc_config.o
 .comment       0x0000006e       0x6f .\CortexM4\ARM_GCC_541\Debug\stdio_user.o
 .comment       0x0000006e       0x6f .\CortexM4\ARM_GCC_541\Debug\cyfitter_sysint_cfg.o
 .comment       0x0000006e       0x6f .\CortexM4\ARM_GCC_541\Debug\cymetadata.o
 .comment       0x0000006e       0x6f .\CortexM4\ARM_GCC_541\Debug\cy_sysint.o
 .comment       0x0000006e       0x6f .\CortexM4\ARM_GCC_541\Debug\cy_ipc_drv.o
 .comment       0x0000006e       0x6f .\CortexM4\ARM_GCC_541\Debug\cy_ipc_sema.o
 .comment       0x0000006e       0x6f .\CortexM4\ARM_GCC_541\Debug\cy_ipc_pipe.o
 .comment       0x0000006e       0x6f .\CortexM4\ARM_GCC_541\Debug\cy_flash.o
 .comment       0x0000006e       0x6f .\CortexM4\ARM_GCC_541\Debug\cy_syspm.o
 .comment       0x0000006e       0x6f .\CortexM4\ARM_GCC_541\Debug\cy_syslib.o
 .comment       0x0000006e       0x6f .\CortexM4\ARM_GCC_541\Debug\cy_scb_common.o
 .comment       0x0000006e       0x6f .\CortexM4\ARM_GCC_541\Debug\cy_scb_uart.o
 .comment       0x0000006e       0x6f .\CortexM4\ARM_GCC_541\Debug\cy_sar.o
 .comment       0x0000006e       0x6f .\CortexM4\ARM_GCC_541\Debug\retarget.o
 .comment       0x0000006e       0x6f .\CortexM4\ARM_GCC_541\Debug\UART.o
 .comment       0x0000006e       0x6f .\CortexM4\ARM_GCC_541\Debug\ADC_1.o
 .comment       0x0000006e       0x6f .\CortexM4\ARM_GCC_541\Debug\ADC_1_INT.o
 .comment       0x0000006e       0x6f .\CortexM4\ARM_GCC_541\Debug\ADC_1_INIT.o

.debug_line     0x00000000     0x5cb6
 .debug_line    0x00000000       0xa0 .\CortexM4\ARM_GCC_541\Debug\startup_psoc63_cm4.o
 .debug_line    0x000000a0      0x26e .\CortexM4\ARM_GCC_541\Debug\main_cm4.o
 .debug_line    0x0000030e      0x2fa .\CortexM4\ARM_GCC_541\Debug\system_psoc63_cm4.o
 .debug_line    0x00000608      0x2a1 .\CortexM4\ARM_GCC_541\Debug\ipc_cm4.o
 .debug_line    0x000008a9      0x483 .\CortexM4\ARM_GCC_541\Debug\voltage_monitor.o
 .debug_line    0x00000d2c      0x151 .\CortexM4\ARM_GCC_541\Debug\ring_buffer.o
 .debug_line    0x00000e7d      0x2b8 .\CortexM4\ARM_GCC_541\Debug\cy_ipc_config.o
 .debug_line    0x00001135      0x2ae .\CortexM4\ARM_GCC_541\Debug\stdio_user.o
 .debug_line    0x000013e3      0x212 .\CortexM4\ARM_GCC_541\Debug\cyfitter_sysint_cfg.o
 .debug_line    0x000015f5      0x141 .\CortexM4\ARM_GCC_541\Debug\cymetadata.o
 .debug_line    0x00001736      0x2a6 .\CortexM4\ARM_GCC_541\Debug\cy_sysint.o
 .debug_line    0x000019dc      0x2ac .\CortexM4\ARM_GCC_541\Debug\cy_ipc_drv.o
 .debug_line    0x00001c88      0x35f .\CortexM4\ARM_GCC_541\Debug\cy_ipc_sema.o
 .debug_line    0x00001fe7      0x570 .\CortexM4\ARM_GCC_541\Debug\cy_ipc_pipe.o
 .debug_line    0x00002557      0x72c .\CortexM4\ARM_GCC_541\Debug\cy_flash.o
 .debug_line    0x00002c83      0x8c7 .\CortexM4\ARM_GCC_541\Debug\cy_syspm.o
 .debug_line    0x0000354a      0x401 .\CortexM4\ARM_GCC_541\Debug\cy_syslib.o
 .debug_line    0x0000394b       0x89 .\CortexM4\ARM_GCC_541\Debug\cy_syslib_gcc.o
 .debug_line    0x000039d4      0x447 .\CortexM4\ARM_GCC_541\Debug\cy_scb_common.o
 .debug_line    0x00003e1b      0x9d4 .\CortexM4\ARM_GCC_541\Debug\cy_scb_uart.o
 .debug_line    0x000047ef      0x654 .\CortexM4\ARM_GCC_541\Debug\cy_sar.o
 .debug_line    0x00004e43      0x299 .\CortexM4\ARM_GCC_541\Debug\retarget.o
 .debug_line    0x000050dc      0x2d8 .\CortexM4\ARM_GCC_541\Debug\UART.o
 .debug_line    0x000053b4      0x4a1 .\CortexM4\ARM_GCC_541\Debug\ADC_1.o
 .debug_line    0x00005855      0x25c .\CortexM4\ARM_GCC_541\Debug\ADC_1_INT.o
 .debug_line    0x00005ab1      0x205 .\CortexM4\ARM_GCC_541\Debug\ADC_1_INIT.o

.debug_info     0x00000000    0x17a59
 .debug_info    0x00000000       0x9d .\CortexM4\ARM_GCC_541\Debug\startup_psoc63_cm4.o
 .debug_info    0x0000009d      0x4a7 .\CortexM4\ARM_GCC_541\Debug\main_cm4.o
 .debug_info    0x00000544      0xff9 .\CortexM4\ARM_GCC_541\Debug\system_psoc63_cm4.o
 .debug_info    0x0000153d      0x46d .\CortexM4\ARM_GCC_541\Debug\ipc_cm4.o
 .debug_info    0x000019aa     0x1228 .\CortexM4\ARM_GCC_541\Debug\voltage_monitor.o
 .debug_info    0x00002bd2      0x117 .\CortexM4\ARM_GCC_541\Debug\ring_buffer.o
 .debug_info    0x00002ce9      0x87a .\CortexM4\ARM_GCC_541\Debug\cy_ipc_config.o
 .debug_info    0x00003563      0xa25 .\CortexM4\ARM_GCC_541\Debug\stdio_user.o
 .debug_info    0x00003f88      0x4e3 .\CortexM4\ARM_GCC_541\Debug\cyfitter_sysint_cfg.o
 .debug_info    0x0000446b       0xac .\CortexM4\ARM_GCC_541\Debug\cymetadata.o
 .debug_info    0x00004517      0x9c5 .\CortexM4\ARM_GCC_541\Debug\cy_sysint.o
 .debug_info    0x00004edc      0x486 .\CortexM4\ARM_GCC_541\Debug\cy_ipc_drv.o
 .debug_info    0x00005362      0x808 .\CortexM4\ARM_GCC_541\Debug\cy_ipc_sema.o
 .debug_info    0x00005b6a     0x15f4 .\CortexM4\ARM_GCC_541\Debug\cy_ipc_pipe.o
 .debug_info    0x0000715e     0x27a5 .\CortexM4\ARM_GCC_541\Debug\cy_flash.o
 .debug_info    0x00009903     0x3d45 .\CortexM4\ARM_GCC_541\Debug\cy_syspm.o
 .debug_info    0x0000d648     0x2511 .\CortexM4\ARM_GCC_541\Debug\cy_syslib.o
 .debug_info    0x0000fb59       0xc2 .\CortexM4\ARM_GCC_541\Debug\cy_syslib_gcc.o
 .debug_info    0x0000fc1b      0xd8c .\CortexM4\ARM_GCC_541\Debug\cy_scb_common.o
 .debug_info    0x000109a7     0x2589 .\CortexM4\ARM_GCC_541\Debug\cy_scb_uart.o
 .debug_info    0x00012f30     0x160a .\CortexM4\ARM_GCC_541\Debug\cy_sar.o
 .debug_info    0x0001453a      0x45d .\CortexM4\ARM_GCC_541\Debug\retarget.o
 .debug_info    0x00014997      0xfa1 .\CortexM4\ARM_GCC_541\Debug\UART.o
 .debug_info    0x00015938     0x1731 .\CortexM4\ARM_GCC_541\Debug\ADC_1.o
 .debug_info    0x00017069      0x746 .\CortexM4\ARM_GCC_541\Debug\ADC_1_INT.o
 .debug_info    0x000177af      0x2aa .\CortexM4\ARM_GCC_541\Debug\ADC_1_INIT.o

.debug_abbrev   0x00000000     0x3031
 .debug_abbrev  0x00000000       0x14 .\CortexM4\ARM_GCC_541\Debug\startup_psoc63_cm4.o
 .debug_abbrev  0x00000014      0x180 .\CortexM4\ARM_GCC_541\Debug\main_cm4.o
 .debug_abbrev  0x00000194      0x1c4 .\CortexM4\ARM_GCC_541\Debug\system_psoc63_cm4.o
 .debug_abbrev  0x00000358      0x176 .\CortexM4\ARM_GCC_541\Debug\ipc_cm4.o
 .debug_abbrev  0x000004ce      0x28f .\CortexM4\ARM_GCC_541\Debug\voltage_monitor.o